#-----------------------------------------------------------
# Vivado v2019.1 (64-bit)
# SW Build 2552052 on Fri May 24 14:49:42 MDT 2019
# IP Build 2548770 on Fri May 24 18:01:18 MDT 2019
# Start of session at: Wed Jan 10 13:46:07 2024
# Process ID: 10972
# Current directory: C:/Users/kmironp/Desktop/Szakdoga_vegso/Kodok/emlites-regi-soc_book_examples/fpga/Arty_S7_fpga/project_1
# Command line: vivado.exe -gui_launcher_event rodinguilauncherevent2316 C:\Users\kmironp\Desktop\Szakdoga_vegso\Kodok\emlites-regi-soc_book_examples\fpga\Arty_S7_fpga\project_1\project_1.xpr
# Log file: C:/Users/kmironp/Desktop/Szakdoga_vegso/Kodok/emlites-regi-soc_book_examples/fpga/Arty_S7_fpga/project_1/vivado.log
# Journal file: C:/Users/kmironp/Desktop/Szakdoga_vegso/Kodok/emlites-regi-soc_book_examples/fpga/Arty_S7_fpga/project_1\vivado.jou
#-----------------------------------------------------------
start_gui
open_project C:/Users/kmironp/Desktop/Szakdoga_vegso/Kodok/emlites-regi-soc_book_examples/fpga/Arty_S7_fpga/project_1/project_1.xpr
update_compile_order -fileset sources_1
