Component: ARM Compiler 5.06 update 7 (build 960) Tool: armlink [4d3601]

==============================================================================

Section Cross References

    system_arty_cm3.o(.text) refers to system_arty_cm3.o(.data) for SystemCoreClock
    startup_arty_cm3.o(STACK) refers (Special) to heapauxi.o(.text) for __use_two_region_memory
    startup_arty_cm3.o(HEAP) refers (Special) to heapauxi.o(.text) for __use_two_region_memory
    startup_arty_cm3.o(RESET) refers (Special) to heapauxi.o(.text) for __use_two_region_memory
    startup_arty_cm3.o(RESET) refers to startup_arty_cm3.o(STACK) for __initial_sp
    startup_arty_cm3.o(RESET) refers to startup_arty_cm3.o(.text) for Reset_Handler
    startup_arty_cm3.o(RESET) refers to uart.o(.text) for UART0_Handler
    startup_arty_cm3.o(RESET) refers to gpio.o(.text) for GPIO0_Handler
    startup_arty_cm3.o(RESET) refers to spi.o(.text) for QSPI0_Handler
    startup_arty_cm3.o(RESET) refers to main.o(.text) for DAPLinkFittedn
    startup_arty_cm3.o(.text) refers (Special) to heapauxi.o(.text) for __use_two_region_memory
    startup_arty_cm3.o(.text) refers to system_arty_cm3.o(.text) for SystemInit
    startup_arty_cm3.o(.text) refers to __main.o(!!!main) for __main
    startup_arty_cm3.o(.text) refers to startup_arty_cm3.o(HEAP) for Heap_Mem
    startup_arty_cm3.o(.text) refers to startup_arty_cm3.o(STACK) for Stack_Mem
    outbyte.o(.text) refers to xuartlite_l.o(.text) for XUartLite_SendByte
    print.o(.text) refers to outbyte.o(.text) for outbyte
    xil_assert.o(.text) refers to xil_assert.o(.data) for Xil_AssertCallbackRoutine
    main.o(.text) refers to _printf_percent.o(.ARM.Collect$$_printf_percent$$00000000) for _printf_percent
    main.o(.text) refers to _printf_x.o(.ARM.Collect$$_printf_percent$$0000000C) for _printf_x
    main.o(.text) refers to _printf_hex_int.o(.text) for _printf_longlong_hex
    main.o(.text) refers to _printf_i.o(.ARM.Collect$$_printf_percent$$00000008) for _printf_i
    main.o(.text) refers to _printf_s.o(.ARM.Collect$$_printf_percent$$00000014) for _printf_s
    main.o(.text) refers to _printf_dec.o(.text) for _printf_int_dec
    main.o(.text) refers to _printf_str.o(.text) for _printf_str
    main.o(.text) refers to _printf_d.o(.ARM.Collect$$_printf_percent$$00000009) for _printf_d
    main.o(.text) refers to rt_memcpy_w.o(.text) for __aeabi_memcpy4
    main.o(.text) refers to uart.o(.text) for InitialiseUART
    main.o(.text) refers to gpio.o(.text) for InitialiseGPIO
    main.o(.text) refers to print.o(.text) for print
    main.o(.text) refers to spi.o(.text) for InitialiseSPI
    main.o(.text) refers to strcpy.o(.text) for strcpy
    main.o(.text) refers to noretval__2sprintf.o(.text) for __2sprintf
    main.o(.text) refers to atomic.o(.text) for atomic_access
    main.o(.text) refers to main.o(.constdata) for .constdata
    atomic.o(.text) refers to atomic_asm.o(.text) for atomic_test
    gpio.o(.text) refers to xgpio_sinit.o(.text) for XGpio_Initialize
    gpio.o(.text) refers to xgpio.o(.text) for XGpio_SetDataDirection
    gpio.o(.text) refers to xgpio_intr.o(.text) for XGpio_InterruptEnable
    gpio.o(.text) refers to gpio.o(.bss) for Gpio_Led_DIPSw
    spi.o(.text) refers to _printf_percent.o(.ARM.Collect$$_printf_percent$$00000000) for _printf_percent
    spi.o(.text) refers to _printf_i.o(.ARM.Collect$$_printf_percent$$00000008) for _printf_i
    spi.o(.text) refers to _printf_dec.o(.text) for _printf_int_dec
    spi.o(.text) refers to xspi_sinit.o(.text) for XSpi_Initialize
    spi.o(.text) refers to xspi.o(.text) for XSpi_Reset
    spi.o(.text) refers to noretval__2sprintf.o(.text) for __2sprintf
    spi.o(.text) refers to print.o(.text) for print
    spi.o(.text) refers to spi.o(.bss) for QSPI_base
    uart.o(.text) refers to xuartlite_sinit.o(.text) for XUartLite_Initialize
    uart.o(.text) refers to xuartlite_intr.o(.text) for XUartLite_SetSendHandler
    uart.o(.text) refers to xuartlite.o(.text) for XUartLite_Recv
    uart.o(.text) refers to uart.o(.data) for TotalReceivedCount
    uart.o(.text) refers to uart.o(.bss) for UART0_instance
    xgpio.o(.text) refers to xil_assert.o(.text) for Xil_Assert
    xgpio.o(.text) refers to xil_assert.o(.data) for Xil_AssertStatus
    xgpio.o(.text) refers to xgpio.o(.conststring) for .conststring
    xgpio_extra.o(.text) refers to xil_assert.o(.text) for Xil_Assert
    xgpio_extra.o(.text) refers to xil_assert.o(.data) for Xil_AssertStatus
    xgpio_extra.o(.text) refers to xgpio_extra.o(.conststring) for .conststring
    xgpio_intr.o(.text) refers to xil_assert.o(.text) for Xil_Assert
    xgpio_intr.o(.text) refers to xil_assert.o(.data) for Xil_AssertStatus
    xgpio_intr.o(.text) refers to xgpio_intr.o(.conststring) for .conststring
    xgpio_selftest.o(.text) refers to xil_assert.o(.text) for Xil_Assert
    xgpio_selftest.o(.text) refers to xgpio.o(.text) for XGpio_DiscreteRead
    xgpio_selftest.o(.text) refers to xil_assert.o(.data) for Xil_AssertStatus
    xgpio_selftest.o(.text) refers to xgpio_selftest.o(.conststring) for .conststring
    xgpio_sinit.o(.text) refers to xil_assert.o(.text) for Xil_Assert
    xgpio_sinit.o(.text) refers to xgpio.o(.text) for XGpio_CfgInitialize
    xgpio_sinit.o(.text) refers to xgpio_g.o(.data) for XGpio_ConfigTable
    xgpio_sinit.o(.text) refers to xil_assert.o(.data) for Xil_AssertStatus
    xgpio_sinit.o(.text) refers to xgpio_sinit.o(.conststring) for .conststring
    xspi.o(.text) refers to xil_assert.o(.text) for Xil_Assert
    xspi.o(.text) refers to xil_assert.o(.data) for Xil_AssertStatus
    xspi.o(.text) refers to xspi.o(.conststring) for .conststring
    xspi_options.o(.text) refers to xil_assert.o(.text) for Xil_Assert
    xspi_options.o(.text) refers to xil_assert.o(.data) for Xil_AssertStatus
    xspi_options.o(.text) refers to xspi_options.o(.conststring) for .conststring
    xspi_options.o(.text) refers to xspi_options.o(.data) for OptionsTable
    xspi_selftest.o(.text) refers to xil_assert.o(.text) for Xil_Assert
    xspi_selftest.o(.text) refers to xspi.o(.text) for XSpi_Reset
    xspi_selftest.o(.text) refers to xil_assert.o(.data) for Xil_AssertStatus
    xspi_selftest.o(.text) refers to xspi_selftest.o(.conststring) for .conststring
    xspi_sinit.o(.text) refers to xil_assert.o(.text) for Xil_Assert
    xspi_sinit.o(.text) refers to xspi.o(.text) for XSpi_CfgInitialize
    xspi_sinit.o(.text) refers to xspi_g.o(.data) for XSpi_ConfigTable
    xspi_sinit.o(.text) refers to xil_assert.o(.data) for Xil_AssertStatus
    xspi_sinit.o(.text) refers to xspi_sinit.o(.conststring) for .conststring
    xspi_stats.o(.text) refers to xil_assert.o(.text) for Xil_Assert
    xspi_stats.o(.text) refers to xil_assert.o(.data) for Xil_AssertStatus
    xspi_stats.o(.text) refers to xspi_stats.o(.conststring) for .conststring
    xuartlite.o(.text) refers to xil_assert.o(.text) for Xil_Assert
    xuartlite.o(.text) refers to xuartlite_stats.o(.text) for XUartLite_ClearStats
    xuartlite.o(.text) refers to xuartlite.o(.conststring) for .conststring
    xuartlite.o(.text) refers to xil_assert.o(.data) for Xil_AssertStatus
    xuartlite_intr.o(.text) refers to xil_assert.o(.text) for Xil_Assert
    xuartlite_intr.o(.text) refers to xuartlite.o(.text) for XUartLite_SendBuffer
    xuartlite_intr.o(.text) refers to xil_assert.o(.data) for Xil_AssertStatus
    xuartlite_intr.o(.text) refers to xuartlite_intr.o(.conststring) for .conststring
    xuartlite_selftest.o(.text) refers to xil_assert.o(.text) for Xil_Assert
    xuartlite_selftest.o(.text) refers to xuartlite.o(.text) for XUartLite_ResetFifos
    xuartlite_selftest.o(.text) refers to xil_assert.o(.data) for Xil_AssertStatus
    xuartlite_selftest.o(.text) refers to xuartlite_selftest.o(.conststring) for .conststring
    xuartlite_sinit.o(.text) refers to xil_assert.o(.text) for Xil_Assert
    xuartlite_sinit.o(.text) refers to xuartlite.o(.text) for XUartLite_CfgInitialize
    xuartlite_sinit.o(.text) refers to xuartlite_g.o(.data) for XUartLite_ConfigTable
    xuartlite_sinit.o(.text) refers to xil_assert.o(.data) for Xil_AssertStatus
    xuartlite_sinit.o(.text) refers to xuartlite_sinit.o(.conststring) for .conststring
    xuartlite_stats.o(.text) refers to xil_assert.o(.text) for Xil_Assert
    xuartlite_stats.o(.text) refers to xil_assert.o(.data) for Xil_AssertStatus
    xuartlite_stats.o(.text) refers to xuartlite_stats.o(.conststring) for .conststring
    __2sprintf.o(.text) refers to _printf_char_common.o(.text) for _printf_char_common
    __2sprintf.o(.text) refers to _sputc.o(.text) for _sputc
    noretval__2sprintf.o(.text) refers to _printf_char_common.o(.text) for _printf_char_common
    noretval__2sprintf.o(.text) refers to _sputc.o(.text) for _sputc
    __printf.o(.text) refers to _printf_percent.o(.ARM.Collect$$_printf_percent$$00000000) for _printf_percent
    _printf_str.o(.text) refers (Special) to _printf_char.o(.text) for _printf_cs_common
    _printf_dec.o(.text) refers to _printf_intcommon.o(.text) for _printf_int_common
    _printf_hex_ll.o(.text) refers to _printf_intcommon.o(.text) for _printf_int_common
    _printf_hex_ll.o(.text) refers to _printf_hex_ll.o(.constdata) for .constdata
    _printf_hex_int.o(.text) refers to _printf_intcommon.o(.text) for _printf_int_common
    _printf_hex_int.o(.text) refers to _printf_hex_int.o(.constdata) for .constdata
    _printf_hex_int_ll.o(.text) refers to _printf_intcommon.o(.text) for _printf_int_common
    _printf_hex_int_ll.o(.text) refers to _printf_hex_int_ll.o(.constdata) for .constdata
    _printf_hex_ptr.o(.text) refers to _printf_intcommon.o(.text) for _printf_int_common
    _printf_hex_ptr.o(.text) refers to _printf_hex_ptr.o(.constdata) for .constdata
    _printf_hex_int_ptr.o(.text) refers to _printf_intcommon.o(.text) for _printf_int_common
    _printf_hex_int_ptr.o(.text) refers to _printf_hex_int_ptr.o(.constdata) for .constdata
    _printf_hex_ll_ptr.o(.text) refers to _printf_intcommon.o(.text) for _printf_int_common
    _printf_hex_ll_ptr.o(.text) refers to _printf_hex_ll_ptr.o(.constdata) for .constdata
    _printf_hex_int_ll_ptr.o(.text) refers to _printf_intcommon.o(.text) for _printf_int_common
    _printf_hex_int_ll_ptr.o(.text) refers to _printf_hex_int_ll_ptr.o(.constdata) for .constdata
    __printf_flags.o(.text) refers to _printf_percent.o(.ARM.Collect$$_printf_percent$$00000000) for _printf_percent
    __printf_flags.o(.text) refers to __printf_flags.o(.constdata) for .constdata
    __printf_ss.o(.text) refers to _printf_percent.o(.ARM.Collect$$_printf_percent$$00000000) for _printf_percent
    __printf_flags_ss.o(.text) refers to _printf_percent.o(.ARM.Collect$$_printf_percent$$00000000) for _printf_percent
    __printf_flags_ss.o(.text) refers to __printf_flags_ss.o(.constdata) for .constdata
    __printf_wp.o(.text) refers to __printf_wp.o(i._is_digit) for _is_digit
    __printf_wp.o(.text) refers to _printf_percent.o(.ARM.Collect$$_printf_percent$$00000000) for _printf_percent
    __printf_flags_wp.o(.text) refers to __printf_wp.o(i._is_digit) for _is_digit
    __printf_flags_wp.o(.text) refers to _printf_percent.o(.ARM.Collect$$_printf_percent$$00000000) for _printf_percent
    __printf_flags_wp.o(.text) refers to __printf_flags_wp.o(.constdata) for .constdata
    __printf_ss_wp.o(.text) refers to __printf_wp.o(i._is_digit) for _is_digit
    __printf_ss_wp.o(.text) refers to _printf_percent.o(.ARM.Collect$$_printf_percent$$00000000) for _printf_percent
    __printf_flags_ss_wp.o(.text) refers to __printf_wp.o(i._is_digit) for _is_digit
    __printf_flags_ss_wp.o(.text) refers to _printf_percent.o(.ARM.Collect$$_printf_percent$$00000000) for _printf_percent
    __printf_flags_ss_wp.o(.text) refers to __printf_flags_ss_wp.o(.constdata) for .constdata
    _printf_s.o(.ARM.Collect$$_printf_percent$$00000014) refers (Weak) to _printf_char.o(.text) for _printf_string
    _printf_x.o(.ARM.Collect$$_printf_percent$$0000000C) refers (Weak) to _printf_hex_int.o(.text) for _printf_int_hex
    _printf_i.o(.ARM.Collect$$_printf_percent$$00000008) refers (Weak) to _printf_dec.o(.text) for _printf_int_dec
    _printf_d.o(.ARM.Collect$$_printf_percent$$00000009) refers (Weak) to _printf_dec.o(.text) for _printf_int_dec
    _printf_percent.o(.ARM.Collect$$_printf_percent$$00000000) refers (Special) to _printf_percent_end.o(.ARM.Collect$$_printf_percent$$00000017) for _printf_percent_end
    __main.o(!!!main) refers to __rtentry.o(.ARM.Collect$$rtentry$$00000000) for __rt_entry
    __rtentry.o(.ARM.Collect$$rtentry$$00000000) refers (Special) to __rtentry2.o(.ARM.Collect$$rtentry$$0000000A) for __rt_entry_li
    __rtentry.o(.ARM.Collect$$rtentry$$00000000) refers (Special) to __rtentry2.o(.ARM.Collect$$rtentry$$0000000D) for __rt_entry_main
    __rtentry.o(.ARM.Collect$$rtentry$$00000000) refers (Special) to __rtentry2.o(.ARM.Collect$$rtentry$$0000000C) for __rt_entry_postli_1
    __rtentry.o(.ARM.Collect$$rtentry$$00000000) refers (Special) to __rtentry2.o(.ARM.Collect$$rtentry$$00000009) for __rt_entry_postsh_1
    __rtentry.o(.ARM.Collect$$rtentry$$00000000) refers (Special) to __rtentry2.o(.ARM.Collect$$rtentry$$00000002) for __rt_entry_presh_1
    __rtentry.o(.ARM.Collect$$rtentry$$00000000) refers (Special) to __rtentry4.o(.ARM.Collect$$rtentry$$00000004) for __rt_entry_sh
    _printf_char_common.o(.text) refers to __printf.o(.text) for __printf
    _printf_char.o(.text) refers (Weak) to _printf_str.o(.text) for _printf_str
    __rtentry2.o(.ARM.Collect$$rtentry$$00000008) refers to boardinit2.o(.text) for _platform_post_stackheap_init
    __rtentry2.o(.ARM.Collect$$rtentry$$0000000A) refers to libinit.o(.ARM.Collect$$libinit$$00000000) for __rt_lib_init
    __rtentry2.o(.ARM.Collect$$rtentry$$0000000B) refers to boardinit3.o(.text) for _platform_post_lib_init
    __rtentry2.o(.ARM.Collect$$rtentry$$0000000D) refers to main.o(.text) for main
    __rtentry2.o(.ARM.Collect$$rtentry$$0000000D) refers to exit.o(.text) for exit
    __rtentry2.o(.ARM.exidx) refers to __rtentry2.o(.ARM.Collect$$rtentry$$00000001) for .ARM.Collect$$rtentry$$00000001
    __rtentry2.o(.ARM.exidx) refers to __rtentry2.o(.ARM.Collect$$rtentry$$00000008) for .ARM.Collect$$rtentry$$00000008
    __rtentry2.o(.ARM.exidx) refers to __rtentry2.o(.ARM.Collect$$rtentry$$0000000A) for .ARM.Collect$$rtentry$$0000000A
    __rtentry2.o(.ARM.exidx) refers to __rtentry2.o(.ARM.Collect$$rtentry$$0000000B) for .ARM.Collect$$rtentry$$0000000B
    __rtentry2.o(.ARM.exidx) refers to __rtentry2.o(.ARM.Collect$$rtentry$$0000000D) for .ARM.Collect$$rtentry$$0000000D
    __rtentry4.o(.ARM.Collect$$rtentry$$00000004) refers to sys_stackheap_outer.o(.text) for __user_setup_stackheap
    __rtentry4.o(.ARM.exidx) refers to __rtentry4.o(.ARM.Collect$$rtentry$$00000004) for .ARM.Collect$$rtentry$$00000004
    sys_stackheap_outer.o(.text) refers to libspace.o(.text) for __user_perproc_libspace
    sys_stackheap_outer.o(.text) refers to startup_arty_cm3.o(.text) for __user_initial_stackheap
    exit.o(.text) refers to rtexit.o(.ARM.Collect$$rtexit$$00000000) for __rt_exit
    libinit.o(.ARM.Collect$$libinit$$00000000) refers (Special) to libinit2.o(.ARM.Collect$$libinit$$0000002E) for __rt_lib_init_alloca_1
    libinit.o(.ARM.Collect$$libinit$$00000000) refers (Special) to libinit2.o(.ARM.Collect$$libinit$$0000002C) for __rt_lib_init_argv_1
    libinit.o(.ARM.Collect$$libinit$$00000000) refers (Special) to libinit2.o(.ARM.Collect$$libinit$$0000001B) for __rt_lib_init_atexit_1
    libinit.o(.ARM.Collect$$libinit$$00000000) refers (Special) to libinit2.o(.ARM.Collect$$libinit$$00000021) for __rt_lib_init_clock_1
    libinit.o(.ARM.Collect$$libinit$$00000000) refers (Special) to libinit2.o(.ARM.Collect$$libinit$$00000032) for __rt_lib_init_cpp_1
    libinit.o(.ARM.Collect$$libinit$$00000000) refers (Special) to libinit2.o(.ARM.Collect$$libinit$$00000030) for __rt_lib_init_exceptions_1
    libinit.o(.ARM.Collect$$libinit$$00000000) refers (Special) to libinit2.o(.ARM.Collect$$libinit$$00000002) for __rt_lib_init_fp_1
    libinit.o(.ARM.Collect$$libinit$$00000000) refers (Special) to libinit2.o(.ARM.Collect$$libinit$$0000001F) for __rt_lib_init_fp_trap_1
    libinit.o(.ARM.Collect$$libinit$$00000000) refers (Special) to libinit2.o(.ARM.Collect$$libinit$$00000023) for __rt_lib_init_getenv_1
    libinit.o(.ARM.Collect$$libinit$$00000000) refers (Special) to libinit2.o(.ARM.Collect$$libinit$$0000000A) for __rt_lib_init_heap_1
    libinit.o(.ARM.Collect$$libinit$$00000000) refers (Special) to libinit2.o(.ARM.Collect$$libinit$$00000011) for __rt_lib_init_lc_collate_1
    libinit.o(.ARM.Collect$$libinit$$00000000) refers (Special) to libinit2.o(.ARM.Collect$$libinit$$00000013) for __rt_lib_init_lc_ctype_1
    libinit.o(.ARM.Collect$$libinit$$00000000) refers (Special) to libinit2.o(.ARM.Collect$$libinit$$00000015) for __rt_lib_init_lc_monetary_1
    libinit.o(.ARM.Collect$$libinit$$00000000) refers (Special) to libinit2.o(.ARM.Collect$$libinit$$00000017) for __rt_lib_init_lc_numeric_1
    libinit.o(.ARM.Collect$$libinit$$00000000) refers (Special) to libinit2.o(.ARM.Collect$$libinit$$00000019) for __rt_lib_init_lc_time_1
    libinit.o(.ARM.Collect$$libinit$$00000000) refers (Special) to libinit2.o(.ARM.Collect$$libinit$$00000004) for __rt_lib_init_preinit_1
    libinit.o(.ARM.Collect$$libinit$$00000000) refers (Special) to libinit2.o(.ARM.Collect$$libinit$$0000000E) for __rt_lib_init_rand_1
    libinit.o(.ARM.Collect$$libinit$$00000000) refers (Special) to libinit2.o(.ARM.Collect$$libinit$$00000033) for __rt_lib_init_return
    libinit.o(.ARM.Collect$$libinit$$00000000) refers (Special) to libinit2.o(.ARM.Collect$$libinit$$0000001D) for __rt_lib_init_signal_1
    libinit.o(.ARM.Collect$$libinit$$00000000) refers (Special) to libinit2.o(.ARM.Collect$$libinit$$00000025) for __rt_lib_init_stdio_1
    libinit.o(.ARM.Collect$$libinit$$00000000) refers (Special) to libinit2.o(.ARM.Collect$$libinit$$0000000C) for __rt_lib_init_user_alloc_1
    libspace.o(.text) refers to libspace.o(.bss) for __libspace_start
    rtexit.o(.ARM.Collect$$rtexit$$00000000) refers (Special) to rtexit2.o(.ARM.Collect$$rtexit$$00000004) for __rt_exit_exit
    rtexit.o(.ARM.Collect$$rtexit$$00000000) refers (Special) to rtexit2.o(.ARM.Collect$$rtexit$$00000003) for __rt_exit_ls
    rtexit.o(.ARM.Collect$$rtexit$$00000000) refers (Special) to rtexit2.o(.ARM.Collect$$rtexit$$00000002) for __rt_exit_prels_1
    rtexit.o(.ARM.exidx) refers (Special) to rtexit2.o(.ARM.Collect$$rtexit$$00000004) for __rt_exit_exit
    rtexit.o(.ARM.exidx) refers (Special) to rtexit2.o(.ARM.Collect$$rtexit$$00000003) for __rt_exit_ls
    rtexit.o(.ARM.exidx) refers (Special) to rtexit2.o(.ARM.Collect$$rtexit$$00000002) for __rt_exit_prels_1
    rtexit.o(.ARM.exidx) refers to rtexit.o(.ARM.Collect$$rtexit$$00000000) for .ARM.Collect$$rtexit$$00000000
    libinit2.o(.ARM.Collect$$libinit$$00000010) refers to libinit2.o(.ARM.Collect$$libinit$$0000000F) for .ARM.Collect$$libinit$$0000000F
    libinit2.o(.ARM.Collect$$libinit$$00000012) refers to libinit2.o(.ARM.Collect$$libinit$$0000000F) for .ARM.Collect$$libinit$$0000000F
    libinit2.o(.ARM.Collect$$libinit$$00000014) refers to libinit2.o(.ARM.Collect$$libinit$$0000000F) for .ARM.Collect$$libinit$$0000000F
    libinit2.o(.ARM.Collect$$libinit$$00000016) refers to libinit2.o(.ARM.Collect$$libinit$$0000000F) for .ARM.Collect$$libinit$$0000000F
    libinit2.o(.ARM.Collect$$libinit$$00000018) refers to libinit2.o(.ARM.Collect$$libinit$$0000000F) for .ARM.Collect$$libinit$$0000000F
    libinit2.o(.ARM.Collect$$libinit$$00000026) refers to argv_veneer.o(.emb_text) for __ARM_argv_veneer
    libinit2.o(.ARM.Collect$$libinit$$00000027) refers to argv_veneer.o(.emb_text) for __ARM_argv_veneer
    rtexit2.o(.ARM.Collect$$rtexit$$00000003) refers to libshutdown.o(.ARM.Collect$$libshutdown$$00000000) for __rt_lib_shutdown
    rtexit2.o(.ARM.Collect$$rtexit$$00000004) refers to sys_exit.o(.text) for _sys_exit
    rtexit2.o(.ARM.exidx) refers to rtexit2.o(.ARM.Collect$$rtexit$$00000001) for .ARM.Collect$$rtexit$$00000001
    rtexit2.o(.ARM.exidx) refers to rtexit2.o(.ARM.Collect$$rtexit$$00000003) for .ARM.Collect$$rtexit$$00000003
    rtexit2.o(.ARM.exidx) refers to rtexit2.o(.ARM.Collect$$rtexit$$00000004) for .ARM.Collect$$rtexit$$00000004
    argv_veneer.o(.emb_text) refers to no_argv.o(.text) for __ARM_get_argv
    sys_exit.o(.text) refers (Special) to use_no_semi.o(.text) for __I$use$semihosting
    sys_exit.o(.text) refers (Special) to indicate_semi.o(.text) for __semihosting_library_function
    _get_argv_nomalloc.o(.text) refers (Special) to hrguard.o(.text) for __heap_region$guard
    _get_argv_nomalloc.o(.text) refers to defsig_rtmem_outer.o(.text) for __rt_SIGRTMEM
    _get_argv_nomalloc.o(.text) refers to sys_command.o(.text) for _sys_command_string
    libshutdown.o(.ARM.Collect$$libshutdown$$00000000) refers (Special) to libshutdown2.o(.ARM.Collect$$libshutdown$$00000004) for __rt_lib_shutdown_cpp_1
    libshutdown.o(.ARM.Collect$$libshutdown$$00000000) refers (Special) to libshutdown2.o(.ARM.Collect$$libshutdown$$00000002) for __rt_lib_shutdown_fini_1
    libshutdown.o(.ARM.Collect$$libshutdown$$00000000) refers (Special) to libshutdown2.o(.ARM.Collect$$libshutdown$$00000009) for __rt_lib_shutdown_fp_trap_1
    libshutdown.o(.ARM.Collect$$libshutdown$$00000000) refers (Special) to libshutdown2.o(.ARM.Collect$$libshutdown$$00000011) for __rt_lib_shutdown_heap_1
    libshutdown.o(.ARM.Collect$$libshutdown$$00000000) refers (Special) to libshutdown2.o(.ARM.Collect$$libshutdown$$00000012) for __rt_lib_shutdown_return
    libshutdown.o(.ARM.Collect$$libshutdown$$00000000) refers (Special) to libshutdown2.o(.ARM.Collect$$libshutdown$$0000000C) for __rt_lib_shutdown_signal_1
    libshutdown.o(.ARM.Collect$$libshutdown$$00000000) refers (Special) to libshutdown2.o(.ARM.Collect$$libshutdown$$00000006) for __rt_lib_shutdown_stdio_1
    libshutdown.o(.ARM.Collect$$libshutdown$$00000000) refers (Special) to libshutdown2.o(.ARM.Collect$$libshutdown$$0000000E) for __rt_lib_shutdown_user_alloc_1
    sys_command.o(.text) refers (Special) to use_no_semi.o(.text) for __I$use$semihosting
    sys_command.o(.text) refers (Special) to indicate_semi.o(.text) for __semihosting_library_function
    defsig_rtmem_outer.o(.text) refers to defsig_rtmem_inner.o(.text) for __rt_SIGRTMEM_inner
    defsig_rtmem_outer.o(.text) refers to defsig_exit.o(.text) for __sig_exit
    defsig_rtmem_formal.o(.text) refers to rt_raise.o(.text) for __rt_raise
    rt_raise.o(.text) refers to __raise.o(.text) for __raise
    rt_raise.o(.text) refers to sys_exit.o(.text) for _sys_exit
    defsig_exit.o(.text) refers to sys_exit.o(.text) for _sys_exit
    defsig_rtmem_inner.o(.text) refers to defsig_general.o(.text) for __default_signal_display
    __raise.o(.text) refers to defsig.o(CL$$defsig) for __default_signal_handler
    defsig_general.o(.text) refers to sys_wrch.o(.text) for _ttywrch
    sys_wrch.o(.text) refers (Special) to use_no_semi.o(.text) for __I$use$semihosting
    sys_wrch.o(.text) refers (Special) to indicate_semi.o(.text) for __semihosting_library_function
    defsig.o(CL$$defsig) refers to defsig_rtmem_inner.o(.text) for __rt_SIGRTMEM_inner
    defsig_abrt_inner.o(.text) refers to defsig_general.o(.text) for __default_signal_display
    defsig_fpe_inner.o(.text) refers to defsig_general.o(.text) for __default_signal_display
    defsig_rtred_inner.o(.text) refers to defsig_general.o(.text) for __default_signal_display
    defsig_stak_inner.o(.text) refers to defsig_general.o(.text) for __default_signal_display
    defsig_pvfn_inner.o(.text) refers to defsig_general.o(.text) for __default_signal_display
    defsig_cppl_inner.o(.text) refers to defsig_general.o(.text) for __default_signal_display
    defsig_segv_inner.o(.text) refers to defsig_general.o(.text) for __default_signal_display
    defsig_other.o(.text) refers to defsig_general.o(.text) for __default_signal_display


==============================================================================

Removing Unused input sections from the image.

    Removing system_arty_cm3.o(.rev16_text), (4 bytes).
    Removing system_arty_cm3.o(.revsh_text), (4 bytes).
    Removing main.o(.rev16_text), (4 bytes).
    Removing main.o(.revsh_text), (4 bytes).
    Removing gpio.o(.rev16_text), (4 bytes).
    Removing gpio.o(.revsh_text), (4 bytes).
    Removing spi.o(.rev16_text), (4 bytes).
    Removing spi.o(.revsh_text), (4 bytes).
    Removing uart.o(.rev16_text), (4 bytes).
    Removing uart.o(.revsh_text), (4 bytes).
    Removing xgpio_extra.o(.text), (300 bytes).
    Removing xgpio_extra.o(.conststring), (81 bytes).
    Removing xgpio_selftest.o(.text), (88 bytes).
    Removing xgpio_selftest.o(.conststring), (84 bytes).
    Removing xspi_options.o(.text), (292 bytes).
    Removing xspi_options.o(.conststring), (81 bytes).
    Removing xspi_options.o(.data), (40 bytes).
    Removing xspi_selftest.o(.text), (676 bytes).
    Removing xspi_selftest.o(.conststring), (82 bytes).
    Removing xspi_stats.o(.text), (208 bytes).
    Removing xspi_stats.o(.conststring), (79 bytes).
    Removing xuartlite_selftest.o(.text), (104 bytes).
    Removing xuartlite_selftest.o(.conststring), (92 bytes).

23 unused section(s) (total 2247 bytes) removed from the image.

==============================================================================

Image Symbol Table

    Local Symbols

    Symbol Name                              Value     Ov Type        Size  Object(Section)

    RESET                                    0x00000000   Section      192  startup_arty_cm3.o(RESET)
    ../clib/angel/boardlib.s                 0x00000000   Number         0  boardshut.o ABSOLUTE
    ../clib/angel/boardlib.s                 0x00000000   Number         0  boardinit1.o ABSOLUTE
    ../clib/angel/boardlib.s                 0x00000000   Number         0  boardinit2.o ABSOLUTE
    ../clib/angel/boardlib.s                 0x00000000   Number         0  boardinit3.o ABSOLUTE
    ../clib/angel/handlers.s                 0x00000000   Number         0  __scatter_zi.o ABSOLUTE
    ../clib/angel/handlers.s                 0x00000000   Number         0  __scatter_copy.o ABSOLUTE
    ../clib/angel/kernel.s                   0x00000000   Number         0  rtexit2.o ABSOLUTE
    ../clib/angel/kernel.s                   0x00000000   Number         0  rtexit.o ABSOLUTE
    ../clib/angel/kernel.s                   0x00000000   Number         0  __rtentry4.o ABSOLUTE
    ../clib/angel/kernel.s                   0x00000000   Number         0  __rtentry.o ABSOLUTE
    ../clib/angel/kernel.s                   0x00000000   Number         0  __rtentry2.o ABSOLUTE
    ../clib/angel/rt.s                       0x00000000   Number         0  rt_raise.o ABSOLUTE
    ../clib/angel/scatter.s                  0x00000000   Number         0  __scatter.o ABSOLUTE
    ../clib/angel/startup.s                  0x00000000   Number         0  __main.o ABSOLUTE
    ../clib/angel/sys.s                      0x00000000   Number         0  indicate_semi.o ABSOLUTE
    ../clib/angel/sys.s                      0x00000000   Number         0  use_no_semi.o ABSOLUTE
    ../clib/angel/sys.s                      0x00000000   Number         0  libspace.o ABSOLUTE
    ../clib/angel/sys.s                      0x00000000   Number         0  sys_stackheap_outer.o ABSOLUTE
    ../clib/angel/sysapp.c                   0x00000000   Number         0  sys_exit.o ABSOLUTE
    ../clib/angel/sysapp.c                   0x00000000   Number         0  sys_command.o ABSOLUTE
    ../clib/angel/sysapp.c                   0x00000000   Number         0  sys_wrch.o ABSOLUTE
    ../clib/armsys.c                         0x00000000   Number         0  no_argv.o ABSOLUTE
    ../clib/armsys.c                         0x00000000   Number         0  _get_argv_nomalloc.o ABSOLUTE
    ../clib/armsys.c                         0x00000000   Number         0  argv_veneer.o ABSOLUTE
    ../clib/armsys.c                         0x00000000   Number         0  argv_veneer.o ABSOLUTE
    ../clib/heapalloc.c                      0x00000000   Number         0  hrguard.o ABSOLUTE
    ../clib/heapaux.c                        0x00000000   Number         0  heapauxi.o ABSOLUTE
    ../clib/libinit.s                        0x00000000   Number         0  libinit2.o ABSOLUTE
    ../clib/libinit.s                        0x00000000   Number         0  libshutdown.o ABSOLUTE
    ../clib/libinit.s                        0x00000000   Number         0  libinit.o ABSOLUTE
    ../clib/libinit.s                        0x00000000   Number         0  libshutdown2.o ABSOLUTE
    ../clib/memcpset.s                       0x00000000   Number         0  rt_memcpy_w.o ABSOLUTE
    ../clib/printf.c                         0x00000000   Number         0  __printf_ss_wp.o ABSOLUTE
    ../clib/printf.c                         0x00000000   Number         0  __printf_flags_ss_wp.o ABSOLUTE
    ../clib/printf.c                         0x00000000   Number         0  _printf_hex_int.o ABSOLUTE
    ../clib/printf.c                         0x00000000   Number         0  _printf_hex_ll.o ABSOLUTE
    ../clib/printf.c                         0x00000000   Number         0  _printf_dec.o ABSOLUTE
    ../clib/printf.c                         0x00000000   Number         0  _printf_hex_int_ptr.o ABSOLUTE
    ../clib/printf.c                         0x00000000   Number         0  _printf_hex_ptr.o ABSOLUTE
    ../clib/printf.c                         0x00000000   Number         0  _printf_str.o ABSOLUTE
    ../clib/printf.c                         0x00000000   Number         0  __printf.o ABSOLUTE
    ../clib/printf.c                         0x00000000   Number         0  noretval__2sprintf.o ABSOLUTE
    ../clib/printf.c                         0x00000000   Number         0  _printf_hex_int_ll.o ABSOLUTE
    ../clib/printf.c                         0x00000000   Number         0  _printf_intcommon.o ABSOLUTE
    ../clib/printf.c                         0x00000000   Number         0  _printf_char_common.o ABSOLUTE
    ../clib/printf.c                         0x00000000   Number         0  _sputc.o ABSOLUTE
    ../clib/printf.c                         0x00000000   Number         0  _printf_char.o ABSOLUTE
    ../clib/printf.c                         0x00000000   Number         0  __printf_nopercent.o ABSOLUTE
    ../clib/printf.c                         0x00000000   Number         0  __printf_flags_ss.o ABSOLUTE
    ../clib/printf.c                         0x00000000   Number         0  __2sprintf.o ABSOLUTE
    ../clib/printf.c                         0x00000000   Number         0  _printf_hex_int_ll_ptr.o ABSOLUTE
    ../clib/printf.c                         0x00000000   Number         0  __printf_flags.o ABSOLUTE
    ../clib/printf.c                         0x00000000   Number         0  __printf_ss.o ABSOLUTE
    ../clib/printf.c                         0x00000000   Number         0  _printf_hex_ll_ptr.o ABSOLUTE
    ../clib/printf.c                         0x00000000   Number         0  __printf_wp.o ABSOLUTE
    ../clib/printf.c                         0x00000000   Number         0  __printf_flags_wp.o ABSOLUTE
    ../clib/printf_percent.s                 0x00000000   Number         0  _printf_percent.o ABSOLUTE
    ../clib/printf_percent.s                 0x00000000   Number         0  _printf_percent_end.o ABSOLUTE
    ../clib/printf_percent.s                 0x00000000   Number         0  _printf_d.o ABSOLUTE
    ../clib/printf_percent.s                 0x00000000   Number         0  _printf_i.o ABSOLUTE
    ../clib/printf_percent.s                 0x00000000   Number         0  _printf_s.o ABSOLUTE
    ../clib/printf_percent.s                 0x00000000   Number         0  _printf_x.o ABSOLUTE
    ../clib/signal.c                         0x00000000   Number         0  defsig_pvfn_inner.o ABSOLUTE
    ../clib/signal.c                         0x00000000   Number         0  __raise.o ABSOLUTE
    ../clib/signal.c                         0x00000000   Number         0  defsig_general.o ABSOLUTE
    ../clib/signal.c                         0x00000000   Number         0  defsig_exit.o ABSOLUTE
    ../clib/signal.c                         0x00000000   Number         0  defsig_rtmem_formal.o ABSOLUTE
    ../clib/signal.c                         0x00000000   Number         0  defsig_rtmem_outer.o ABSOLUTE
    ../clib/signal.c                         0x00000000   Number         0  defsig_rtmem_inner.o ABSOLUTE
    ../clib/signal.c                         0x00000000   Number         0  defsig_abrt_inner.o ABSOLUTE
    ../clib/signal.c                         0x00000000   Number         0  defsig_fpe_inner.o ABSOLUTE
    ../clib/signal.c                         0x00000000   Number         0  defsig_rtred_inner.o ABSOLUTE
    ../clib/signal.c                         0x00000000   Number         0  defsig_stak_inner.o ABSOLUTE
    ../clib/signal.c                         0x00000000   Number         0  defsig_cppl_inner.o ABSOLUTE
    ../clib/signal.c                         0x00000000   Number         0  defsig_segv_inner.o ABSOLUTE
    ../clib/signal.c                         0x00000000   Number         0  defsig_other.o ABSOLUTE
    ../clib/signal.s                         0x00000000   Number         0  defsig.o ABSOLUTE
    ../clib/stdlib.c                         0x00000000   Number         0  exit.o ABSOLUTE
    ../clib/string.c                         0x00000000   Number         0  strcpy.o ABSOLUTE
    ../fplib/fpinit.s                        0x00000000   Number         0  fpinit.o ABSOLUTE
    ..\\cmsis\\Device\\Source\\ARTY_CM3\\system_ARTY_CM3.c 0x00000000   Number         0  system_arty_cm3.o ABSOLUTE
    ..\\gpio\\gpio.c                         0x00000000   Number         0  gpio.o ABSOLUTE
    ..\\main\\main.c                         0x00000000   Number         0  main.o ABSOLUTE
    ..\\spi\\spi.c                           0x00000000   Number         0  spi.o ABSOLUTE
    ..\\uart\\uart.c                         0x00000000   Number         0  uart.o ABSOLUTE
    ..\cmsis\Device\Source\ARTY_CM3\ARM\startup_ARTY_CM3.s 0x00000000   Number         0  startup_arty_cm3.o ABSOLUTE
    ..\cmsis\Device\Source\ARTY_CM3\system_ARTY_CM3.c 0x00000000   Number         0  system_arty_cm3.o ABSOLUTE
    ..\gpio\gpio.c                           0x00000000   Number         0  gpio.o ABSOLUTE
    ..\main\atomic.c                         0x00000000   Number         0  atomic.o ABSOLUTE
    ..\main\atomic_asm.s                     0x00000000   Number         0  atomic_asm.o ABSOLUTE
    ..\main\main.c                           0x00000000   Number         0  main.o ABSOLUTE
    ..\sdk_workspace\standalone_bsp_0\Cortex_M3_0\libsrc\gpio_v4_4\src\xgpio.c 0x00000000   Number         0  xgpio.o ABSOLUTE
    ..\sdk_workspace\standalone_bsp_0\Cortex_M3_0\libsrc\gpio_v4_4\src\xgpio_extra.c 0x00000000   Number         0  xgpio_extra.o ABSOLUTE
    ..\sdk_workspace\standalone_bsp_0\Cortex_M3_0\libsrc\gpio_v4_4\src\xgpio_g.c 0x00000000   Number         0  xgpio_g.o ABSOLUTE
    ..\sdk_workspace\standalone_bsp_0\Cortex_M3_0\libsrc\gpio_v4_4\src\xgpio_intr.c 0x00000000   Number         0  xgpio_intr.o ABSOLUTE
    ..\sdk_workspace\standalone_bsp_0\Cortex_M3_0\libsrc\gpio_v4_4\src\xgpio_selftest.c 0x00000000   Number         0  xgpio_selftest.o ABSOLUTE
    ..\sdk_workspace\standalone_bsp_0\Cortex_M3_0\libsrc\gpio_v4_4\src\xgpio_sinit.c 0x00000000   Number         0  xgpio_sinit.o ABSOLUTE
    ..\sdk_workspace\standalone_bsp_0\Cortex_M3_0\libsrc\spi_v4_4\src\xspi.c 0x00000000   Number         0  xspi.o ABSOLUTE
    ..\sdk_workspace\standalone_bsp_0\Cortex_M3_0\libsrc\spi_v4_4\src\xspi_g.c 0x00000000   Number         0  xspi_g.o ABSOLUTE
    ..\sdk_workspace\standalone_bsp_0\Cortex_M3_0\libsrc\spi_v4_4\src\xspi_options.c 0x00000000   Number         0  xspi_options.o ABSOLUTE
    ..\sdk_workspace\standalone_bsp_0\Cortex_M3_0\libsrc\spi_v4_4\src\xspi_selftest.c 0x00000000   Number         0  xspi_selftest.o ABSOLUTE
    ..\sdk_workspace\standalone_bsp_0\Cortex_M3_0\libsrc\spi_v4_4\src\xspi_sinit.c 0x00000000   Number         0  xspi_sinit.o ABSOLUTE
    ..\sdk_workspace\standalone_bsp_0\Cortex_M3_0\libsrc\spi_v4_4\src\xspi_stats.c 0x00000000   Number         0  xspi_stats.o ABSOLUTE
    ..\sdk_workspace\standalone_bsp_0\Cortex_M3_0\libsrc\standalone_v6_7\src\outbyte.c 0x00000000   Number         0  outbyte.o ABSOLUTE
    ..\sdk_workspace\standalone_bsp_0\Cortex_M3_0\libsrc\standalone_v6_7\src\print.c 0x00000000   Number         0  print.o ABSOLUTE
    ..\sdk_workspace\standalone_bsp_0\Cortex_M3_0\libsrc\standalone_v6_7\src\xil_assert.c 0x00000000   Number         0  xil_assert.o ABSOLUTE
    ..\sdk_workspace\standalone_bsp_0\Cortex_M3_0\libsrc\uartlite_v3_2\src\xuartlite.c 0x00000000   Number         0  xuartlite.o ABSOLUTE
    ..\sdk_workspace\standalone_bsp_0\Cortex_M3_0\libsrc\uartlite_v3_2\src\xuartlite_g.c 0x00000000   Number         0  xuartlite_g.o ABSOLUTE
    ..\sdk_workspace\standalone_bsp_0\Cortex_M3_0\libsrc\uartlite_v3_2\src\xuartlite_intr.c 0x00000000   Number         0  xuartlite_intr.o ABSOLUTE
    ..\sdk_workspace\standalone_bsp_0\Cortex_M3_0\libsrc\uartlite_v3_2\src\xuartlite_l.c 0x00000000   Number         0  xuartlite_l.o ABSOLUTE
    ..\sdk_workspace\standalone_bsp_0\Cortex_M3_0\libsrc\uartlite_v3_2\src\xuartlite_selftest.c 0x00000000   Number         0  xuartlite_selftest.o ABSOLUTE
    ..\sdk_workspace\standalone_bsp_0\Cortex_M3_0\libsrc\uartlite_v3_2\src\xuartlite_sinit.c 0x00000000   Number         0  xuartlite_sinit.o ABSOLUTE
    ..\sdk_workspace\standalone_bsp_0\Cortex_M3_0\libsrc\uartlite_v3_2\src\xuartlite_stats.c 0x00000000   Number         0  xuartlite_stats.o ABSOLUTE
    ..\spi\spi.c                             0x00000000   Number         0  spi.o ABSOLUTE
    ..\uart\uart.c                           0x00000000   Number         0  uart.o ABSOLUTE
    dc.s                                     0x00000000   Number         0  dc.o ABSOLUTE
    !!!main                                  0x000000c0   Section        8  __main.o(!!!main)
    !!!scatter                               0x000000c8   Section       52  __scatter.o(!!!scatter)
    !!handler_copy                           0x000000fc   Section       26  __scatter_copy.o(!!handler_copy)
    !!handler_zi                             0x00000118   Section       28  __scatter_zi.o(!!handler_zi)
    .ARM.Collect$$_printf_percent$$00000000  0x00000134   Section        0  _printf_percent.o(.ARM.Collect$$_printf_percent$$00000000)
    .ARM.Collect$$_printf_percent$$00000008  0x00000134   Section        6  _printf_i.o(.ARM.Collect$$_printf_percent$$00000008)
    .ARM.Collect$$_printf_percent$$00000009  0x0000013a   Section        6  _printf_d.o(.ARM.Collect$$_printf_percent$$00000009)
    .ARM.Collect$$_printf_percent$$0000000C  0x00000140   Section        6  _printf_x.o(.ARM.Collect$$_printf_percent$$0000000C)
    .ARM.Collect$$_printf_percent$$00000014  0x00000146   Section        6  _printf_s.o(.ARM.Collect$$_printf_percent$$00000014)
    .ARM.Collect$$_printf_percent$$00000017  0x0000014c   Section        4  _printf_percent_end.o(.ARM.Collect$$_printf_percent$$00000017)
    .ARM.Collect$$libinit$$00000000          0x00000150   Section        2  libinit.o(.ARM.Collect$$libinit$$00000000)
    .ARM.Collect$$libinit$$00000002          0x00000152   Section        0  libinit2.o(.ARM.Collect$$libinit$$00000002)
    .ARM.Collect$$libinit$$00000004          0x00000152   Section        0  libinit2.o(.ARM.Collect$$libinit$$00000004)
    .ARM.Collect$$libinit$$0000000A          0x00000152   Section        0  libinit2.o(.ARM.Collect$$libinit$$0000000A)
    .ARM.Collect$$libinit$$0000000C          0x00000152   Section        0  libinit2.o(.ARM.Collect$$libinit$$0000000C)
    .ARM.Collect$$libinit$$0000000E          0x00000152   Section        0  libinit2.o(.ARM.Collect$$libinit$$0000000E)
    .ARM.Collect$$libinit$$00000011          0x00000152   Section        0  libinit2.o(.ARM.Collect$$libinit$$00000011)
    .ARM.Collect$$libinit$$00000013          0x00000152   Section        0  libinit2.o(.ARM.Collect$$libinit$$00000013)
    .ARM.Collect$$libinit$$00000015          0x00000152   Section        0  libinit2.o(.ARM.Collect$$libinit$$00000015)
    .ARM.Collect$$libinit$$00000017          0x00000152   Section        0  libinit2.o(.ARM.Collect$$libinit$$00000017)
    .ARM.Collect$$libinit$$00000019          0x00000152   Section        0  libinit2.o(.ARM.Collect$$libinit$$00000019)
    .ARM.Collect$$libinit$$0000001B          0x00000152   Section        0  libinit2.o(.ARM.Collect$$libinit$$0000001B)
    .ARM.Collect$$libinit$$0000001D          0x00000152   Section        0  libinit2.o(.ARM.Collect$$libinit$$0000001D)
    .ARM.Collect$$libinit$$0000001F          0x00000152   Section        0  libinit2.o(.ARM.Collect$$libinit$$0000001F)
    .ARM.Collect$$libinit$$00000021          0x00000152   Section        0  libinit2.o(.ARM.Collect$$libinit$$00000021)
    .ARM.Collect$$libinit$$00000023          0x00000152   Section        0  libinit2.o(.ARM.Collect$$libinit$$00000023)
    .ARM.Collect$$libinit$$00000025          0x00000152   Section        0  libinit2.o(.ARM.Collect$$libinit$$00000025)
    .ARM.Collect$$libinit$$0000002C          0x00000152   Section        0  libinit2.o(.ARM.Collect$$libinit$$0000002C)
    .ARM.Collect$$libinit$$0000002E          0x00000152   Section        0  libinit2.o(.ARM.Collect$$libinit$$0000002E)
    .ARM.Collect$$libinit$$00000030          0x00000152   Section        0  libinit2.o(.ARM.Collect$$libinit$$00000030)
    .ARM.Collect$$libinit$$00000032          0x00000152   Section        0  libinit2.o(.ARM.Collect$$libinit$$00000032)
    .ARM.Collect$$libinit$$00000033          0x00000152   Section        2  libinit2.o(.ARM.Collect$$libinit$$00000033)
    .ARM.Collect$$libshutdown$$00000000      0x00000154   Section        2  libshutdown.o(.ARM.Collect$$libshutdown$$00000000)
    .ARM.Collect$$libshutdown$$00000002      0x00000156   Section        0  libshutdown2.o(.ARM.Collect$$libshutdown$$00000002)
    .ARM.Collect$$libshutdown$$00000004      0x00000156   Section        0  libshutdown2.o(.ARM.Collect$$libshutdown$$00000004)
    .ARM.Collect$$libshutdown$$00000006      0x00000156   Section        0  libshutdown2.o(.ARM.Collect$$libshutdown$$00000006)
    .ARM.Collect$$libshutdown$$00000009      0x00000156   Section        0  libshutdown2.o(.ARM.Collect$$libshutdown$$00000009)
    .ARM.Collect$$libshutdown$$0000000C      0x00000156   Section        0  libshutdown2.o(.ARM.Collect$$libshutdown$$0000000C)
    .ARM.Collect$$libshutdown$$0000000E      0x00000156   Section        0  libshutdown2.o(.ARM.Collect$$libshutdown$$0000000E)
    .ARM.Collect$$libshutdown$$00000011      0x00000156   Section        0  libshutdown2.o(.ARM.Collect$$libshutdown$$00000011)
    .ARM.Collect$$libshutdown$$00000012      0x00000156   Section        2  libshutdown2.o(.ARM.Collect$$libshutdown$$00000012)
    .ARM.Collect$$rtentry$$00000000          0x00000158   Section        0  __rtentry.o(.ARM.Collect$$rtentry$$00000000)
    .ARM.Collect$$rtentry$$00000002          0x00000158   Section        0  __rtentry2.o(.ARM.Collect$$rtentry$$00000002)
    .ARM.Collect$$rtentry$$00000004          0x00000158   Section        6  __rtentry4.o(.ARM.Collect$$rtentry$$00000004)
    .ARM.Collect$$rtentry$$00000009          0x0000015e   Section        0  __rtentry2.o(.ARM.Collect$$rtentry$$00000009)
    .ARM.Collect$$rtentry$$0000000A          0x0000015e   Section        4  __rtentry2.o(.ARM.Collect$$rtentry$$0000000A)
    .ARM.Collect$$rtentry$$0000000C          0x00000162   Section        0  __rtentry2.o(.ARM.Collect$$rtentry$$0000000C)
    .ARM.Collect$$rtentry$$0000000D          0x00000162   Section        8  __rtentry2.o(.ARM.Collect$$rtentry$$0000000D)
    .ARM.Collect$$rtexit$$00000000           0x0000016a   Section        2  rtexit.o(.ARM.Collect$$rtexit$$00000000)
    .ARM.Collect$$rtexit$$00000002           0x0000016c   Section        0  rtexit2.o(.ARM.Collect$$rtexit$$00000002)
    .ARM.Collect$$rtexit$$00000003           0x0000016c   Section        4  rtexit2.o(.ARM.Collect$$rtexit$$00000003)
    .ARM.Collect$$rtexit$$00000004           0x00000170   Section        6  rtexit2.o(.ARM.Collect$$rtexit$$00000004)
    .text                                    0x00000178   Section        0  system_arty_cm3.o(.text)
    .text                                    0x00000190   Section       64  startup_arty_cm3.o(.text)
    .text                                    0x000001d0   Section        0  outbyte.o(.text)
    .text                                    0x000001e4   Section        0  print.o(.text)
    .text                                    0x000001fc   Section        0  xil_assert.o(.text)
    .text                                    0x00000230   Section        0  main.o(.text)
    NVIC_EnableIRQ                           0x0000050d   Thumb Code   992  main.o(.text)
    NVIC_DisableIRQ                          0x000008ed   Thumb Code    18  main.o(.text)
    .text                                    0x00000904   Section       12  atomic_asm.o(.text)
    .text                                    0x00000910   Section        0  atomic.o(.text)
    .text                                    0x0000092c   Section        0  gpio.o(.text)
    NVIC_ClearPendingIRQ                     0x00000aab   Thumb Code    18  gpio.o(.text)
    .text                                    0x00000ad0   Section        0  spi.o(.text)
    NVIC_ClearPendingIRQ                     0x00000d8f   Thumb Code    18  spi.o(.text)
    Xil_In32                                 0x00000da1   Thumb Code     6  spi.o(.text)
    Xil_Out32                                0x00000da7   Thumb Code     6  spi.o(.text)
    .text                                    0x00000dd8   Section        0  uart.o(.text)
    .text                                    0x00000e70   Section        0  xgpio.o(.text)
    Xil_Out32                                0x000010a1   Thumb Code     6  xgpio.o(.text)
    .text                                    0x000010b0   Section        0  xgpio_intr.o(.text)
    Xil_In32                                 0x000013e3   Thumb Code     6  xgpio_intr.o(.text)
    Xil_Out32                                0x000013e9   Thumb Code     6  xgpio_intr.o(.text)
    .text                                    0x000013f8   Section        0  xgpio_sinit.o(.text)
    .text                                    0x0000146c   Section        0  xspi.o(.text)
    StubStatusHandler                        0x0000150b   Thumb Code    26  xspi.o(.text)
    Xil_In32                                 0x00001ed1   Thumb Code     6  xspi.o(.text)
    Xil_Out32                                0x00001ed7   Thumb Code     6  xspi.o(.text)
    .text                                    0x00001ee4   Section        0  xspi_sinit.o(.text)
    .text                                    0x00001f58   Section        0  xuartlite.o(.text)
    StubHandler                              0x00001f59   Thumb Code    24  xuartlite.o(.text)
    Xil_In32                                 0x00002303   Thumb Code     6  xuartlite.o(.text)
    Xil_Out32                                0x00002309   Thumb Code     6  xuartlite.o(.text)
    .text                                    0x0000231c   Section        0  xuartlite_intr.o(.text)
    SendDataHandler                          0x000023e5   Thumb Code    38  xuartlite_intr.o(.text)
    ReceiveDataHandler                       0x0000240b   Thumb Code    38  xuartlite_intr.o(.text)
    Xil_Out32                                0x0000251d   Thumb Code     6  xuartlite_intr.o(.text)
    .text                                    0x0000252c   Section        0  xuartlite_l.o(.text)
    .text                                    0x0000255c   Section        0  xuartlite_sinit.o(.text)
    .text                                    0x000025cc   Section        0  xuartlite_stats.o(.text)
    .text                                    0x000026a0   Section        0  noretval__2sprintf.o(.text)
    .text                                    0x000026c8   Section        0  __printf.o(.text)
    .text                                    0x00002730   Section        0  _printf_str.o(.text)
    .text                                    0x00002784   Section        0  _printf_dec.o(.text)
    .text                                    0x000027fc   Section        0  _printf_hex_int.o(.text)
    .text                                    0x00002854   Section        0  strcpy.o(.text)
    .text                                    0x0000289c   Section      100  rt_memcpy_w.o(.text)
    .text                                    0x00002900   Section        0  heapauxi.o(.text)
    .text                                    0x00002906   Section        0  _printf_intcommon.o(.text)
    .text                                    0x000029b8   Section        0  _printf_char_common.o(.text)
    _printf_input_char                       0x000029b9   Thumb Code    10  _printf_char_common.o(.text)
    .text                                    0x000029e8   Section        0  _sputc.o(.text)
    .text                                    0x000029f2   Section        0  _printf_char.o(.text)
    .text                                    0x00002a1e   Section       74  sys_stackheap_outer.o(.text)
    .text                                    0x00002a68   Section        0  exit.o(.text)
    .text                                    0x00002a7c   Section        8  libspace.o(.text)
    .text                                    0x00002a84   Section        0  sys_exit.o(.text)
    .text                                    0x00002a90   Section        2  use_no_semi.o(.text)
    .text                                    0x00002a92   Section        0  indicate_semi.o(.text)
    .constdata                               0x00002a94   Section       32  main.o(.constdata)
    .constdata                               0x00002ab4   Section       40  _printf_hex_int.o(.constdata)
    uc_hextab                                0x00002ab4   Data          20  _printf_hex_int.o(.constdata)
    lc_hextab                                0x00002ac8   Data          20  _printf_hex_int.o(.constdata)
    .conststring                             0x00002adc   Section       75  xgpio.o(.conststring)
    .conststring                             0x00002b28   Section       80  xgpio_intr.o(.conststring)
    .conststring                             0x00002b78   Section       81  xgpio_sinit.o(.conststring)
    .conststring                             0x00002bcc   Section       73  xspi.o(.conststring)
    .conststring                             0x00002c18   Section       79  xspi_sinit.o(.conststring)
    .conststring                             0x00002c68   Section       83  xuartlite.o(.conststring)
    .conststring                             0x00002cbc   Section       88  xuartlite_intr.o(.conststring)
    .conststring                             0x00002d14   Section       89  xuartlite_sinit.o(.conststring)
    .conststring                             0x00002d70   Section       89  xuartlite_stats.o(.conststring)
    .data                                    0x20000000   Section        4  system_arty_cm3.o(.data)
    .data                                    0x20000004   Section       12  xil_assert.o(.data)
    Xil_AssertCallbackRoutine                0x2000000c   Data           4  xil_assert.o(.data)
    .data                                    0x20000010   Section       12  uart.o(.data)
    TotalReceivedCount                       0x20000010   Data           4  uart.o(.data)
    TotalSentCount                           0x20000014   Data           4  uart.o(.data)
    BytesRx                                  0x20000018   Data           4  uart.o(.data)
    .data                                    0x2000001c   Section       48  xgpio_g.o(.data)
    .data                                    0x2000004c   Section      112  xspi_g.o(.data)
    .data                                    0x200000bc   Section       16  xuartlite_g.o(.data)
    .bss                                     0x200000cc   Section       48  gpio.o(.bss)
    Gpio_Led_DIPSw                           0x200000cc   Data          16  gpio.o(.bss)
    Gpio_RGBLed_PB                           0x200000dc   Data          16  gpio.o(.bss)
    Gpio_DAPLink                             0x200000ec   Data          16  gpio.o(.bss)
    .bss                                     0x200000fc   Section      604  spi.o(.bss)
    QSPI_base                                0x200000fc   Data          92  spi.o(.bss)
    QSPI_base_tx_buf                         0x20000158   Data         256  spi.o(.bss)
    QSPI_base_rx_buf                         0x20000258   Data         256  spi.o(.bss)
    .bss                                     0x20000358   Section      588  uart.o(.bss)
    UART0_instance                           0x20000358   Data          76  uart.o(.bss)
    .bss                                     0x200005a4   Section       96  libspace.o(.bss)
    HEAP                                     0x20000608   Section     3072  startup_arty_cm3.o(HEAP)
    Heap_Mem                                 0x20000608   Data        3072  startup_arty_cm3.o(HEAP)
    STACK                                    0x20001208   Section     1024  startup_arty_cm3.o(STACK)
    Stack_Mem                                0x20001208   Data        1024  startup_arty_cm3.o(STACK)
    __initial_sp                             0x20001608   Data           0  startup_arty_cm3.o(STACK)

    Global Symbols

    Symbol Name                              Value     Ov Type        Size  Object(Section)

    BuildAttributes$$THM_ISAv4$P$D$K$B$S$PE$A:L22UL41UL21$X:L11$S22US41US21$IEEE1$IW$USESV6$~STKCKD$USESV7$~SHL$OSPACE$ROPI$EBA8$UX$STANDARDLIB$REQ8$PRES8$EABIv2 0x00000000   Number         0  anon$$obj.o ABSOLUTE
    __ARM_use_no_argv                        0x00000000   Number         0  main.o ABSOLUTE
    __Vectors                                0x00000000   Data           4  startup_arty_cm3.o(RESET)
    __ARM_exceptions_init                     - Undefined Weak Reference
    __alloca_initialize                       - Undefined Weak Reference
    __arm_fini_                               - Undefined Weak Reference
    __arm_preinit_                            - Undefined Weak Reference
    __cpp_initialize__aeabi_                  - Undefined Weak Reference
    __cxa_finalize                            - Undefined Weak Reference
    __rt_locale                               - Undefined Weak Reference
    __sigvec_lookup                           - Undefined Weak Reference
    _atexit_init                              - Undefined Weak Reference
    _call_atexit_fns                          - Undefined Weak Reference
    _clock_init                               - Undefined Weak Reference
    _fp_trap_init                             - Undefined Weak Reference
    _fp_trap_shutdown                         - Undefined Weak Reference
    _get_lc_collate                           - Undefined Weak Reference
    _get_lc_ctype                             - Undefined Weak Reference
    _get_lc_monetary                          - Undefined Weak Reference
    _get_lc_numeric                           - Undefined Weak Reference
    _get_lc_time                              - Undefined Weak Reference
    _getenv_init                              - Undefined Weak Reference
    _handle_redirection                       - Undefined Weak Reference
    _init_alloc                               - Undefined Weak Reference
    _init_user_alloc                          - Undefined Weak Reference
    _initio                                   - Undefined Weak Reference
    _printf_mbtowc                            - Undefined Weak Reference
    _printf_post_padding                      - Undefined Weak Reference
    _printf_pre_padding                       - Undefined Weak Reference
    _printf_truncate_signed                   - Undefined Weak Reference
    _printf_truncate_unsigned                 - Undefined Weak Reference
    _rand_init                                - Undefined Weak Reference
    _signal_finish                            - Undefined Weak Reference
    _signal_init                              - Undefined Weak Reference
    _terminate_alloc                          - Undefined Weak Reference
    _terminate_user_alloc                     - Undefined Weak Reference
    _terminateio                              - Undefined Weak Reference
    __Vectors_End                            0x000000c0   Data           0  startup_arty_cm3.o(RESET)
    __Vectors_Size                           0x000000c0   Number         0  startup_arty_cm3.o ABSOLUTE
    __main                                   0x000000c1   Thumb Code     8  __main.o(!!!main)
    __scatterload                            0x000000c9   Thumb Code     0  __scatter.o(!!!scatter)
    __scatterload_rt2                        0x000000c9   Thumb Code    44  __scatter.o(!!!scatter)
    __scatterload_rt2_thumb_only             0x000000c9   Thumb Code     0  __scatter.o(!!!scatter)
    __scatterload_null                       0x000000d7   Thumb Code     0  __scatter.o(!!!scatter)
    __scatterload_copy                       0x000000fd   Thumb Code    26  __scatter_copy.o(!!handler_copy)
    __scatterload_zeroinit                   0x00000119   Thumb Code    28  __scatter_zi.o(!!handler_zi)
    _printf_i                                0x00000135   Thumb Code     0  _printf_i.o(.ARM.Collect$$_printf_percent$$00000008)
    _printf_percent                          0x00000135   Thumb Code     0  _printf_percent.o(.ARM.Collect$$_printf_percent$$00000000)
    _printf_d                                0x0000013b   Thumb Code     0  _printf_d.o(.ARM.Collect$$_printf_percent$$00000009)
    _printf_x                                0x00000141   Thumb Code     0  _printf_x.o(.ARM.Collect$$_printf_percent$$0000000C)
    _printf_s                                0x00000147   Thumb Code     0  _printf_s.o(.ARM.Collect$$_printf_percent$$00000014)
    _printf_percent_end                      0x0000014d   Thumb Code     0  _printf_percent_end.o(.ARM.Collect$$_printf_percent$$00000017)
    __rt_lib_init                            0x00000151   Thumb Code     0  libinit.o(.ARM.Collect$$libinit$$00000000)
    __rt_lib_init_alloca_1                   0x00000153   Thumb Code     0  libinit2.o(.ARM.Collect$$libinit$$0000002E)
    __rt_lib_init_argv_1                     0x00000153   Thumb Code     0  libinit2.o(.ARM.Collect$$libinit$$0000002C)
    __rt_lib_init_atexit_1                   0x00000153   Thumb Code     0  libinit2.o(.ARM.Collect$$libinit$$0000001B)
    __rt_lib_init_clock_1                    0x00000153   Thumb Code     0  libinit2.o(.ARM.Collect$$libinit$$00000021)
    __rt_lib_init_cpp_1                      0x00000153   Thumb Code     0  libinit2.o(.ARM.Collect$$libinit$$00000032)
    __rt_lib_init_exceptions_1               0x00000153   Thumb Code     0  libinit2.o(.ARM.Collect$$libinit$$00000030)
    __rt_lib_init_fp_1                       0x00000153   Thumb Code     0  libinit2.o(.ARM.Collect$$libinit$$00000002)
    __rt_lib_init_fp_trap_1                  0x00000153   Thumb Code     0  libinit2.o(.ARM.Collect$$libinit$$0000001F)
    __rt_lib_init_getenv_1                   0x00000153   Thumb Code     0  libinit2.o(.ARM.Collect$$libinit$$00000023)
    __rt_lib_init_heap_1                     0x00000153   Thumb Code     0  libinit2.o(.ARM.Collect$$libinit$$0000000A)
    __rt_lib_init_lc_collate_1               0x00000153   Thumb Code     0  libinit2.o(.ARM.Collect$$libinit$$00000011)
    __rt_lib_init_lc_ctype_1                 0x00000153   Thumb Code     0  libinit2.o(.ARM.Collect$$libinit$$00000013)
    __rt_lib_init_lc_monetary_1              0x00000153   Thumb Code     0  libinit2.o(.ARM.Collect$$libinit$$00000015)
    __rt_lib_init_lc_numeric_1               0x00000153   Thumb Code     0  libinit2.o(.ARM.Collect$$libinit$$00000017)
    __rt_lib_init_lc_time_1                  0x00000153   Thumb Code     0  libinit2.o(.ARM.Collect$$libinit$$00000019)
    __rt_lib_init_preinit_1                  0x00000153   Thumb Code     0  libinit2.o(.ARM.Collect$$libinit$$00000004)
    __rt_lib_init_rand_1                     0x00000153   Thumb Code     0  libinit2.o(.ARM.Collect$$libinit$$0000000E)
    __rt_lib_init_return                     0x00000153   Thumb Code     0  libinit2.o(.ARM.Collect$$libinit$$00000033)
    __rt_lib_init_signal_1                   0x00000153   Thumb Code     0  libinit2.o(.ARM.Collect$$libinit$$0000001D)
    __rt_lib_init_stdio_1                    0x00000153   Thumb Code     0  libinit2.o(.ARM.Collect$$libinit$$00000025)
    __rt_lib_init_user_alloc_1               0x00000153   Thumb Code     0  libinit2.o(.ARM.Collect$$libinit$$0000000C)
    __rt_lib_shutdown                        0x00000155   Thumb Code     0  libshutdown.o(.ARM.Collect$$libshutdown$$00000000)
    __rt_lib_shutdown_cpp_1                  0x00000157   Thumb Code     0  libshutdown2.o(.ARM.Collect$$libshutdown$$00000004)
    __rt_lib_shutdown_fini_1                 0x00000157   Thumb Code     0  libshutdown2.o(.ARM.Collect$$libshutdown$$00000002)
    __rt_lib_shutdown_fp_trap_1              0x00000157   Thumb Code     0  libshutdown2.o(.ARM.Collect$$libshutdown$$00000009)
    __rt_lib_shutdown_heap_1                 0x00000157   Thumb Code     0  libshutdown2.o(.ARM.Collect$$libshutdown$$00000011)
    __rt_lib_shutdown_return                 0x00000157   Thumb Code     0  libshutdown2.o(.ARM.Collect$$libshutdown$$00000012)
    __rt_lib_shutdown_signal_1               0x00000157   Thumb Code     0  libshutdown2.o(.ARM.Collect$$libshutdown$$0000000C)
    __rt_lib_shutdown_stdio_1                0x00000157   Thumb Code     0  libshutdown2.o(.ARM.Collect$$libshutdown$$00000006)
    __rt_lib_shutdown_user_alloc_1           0x00000157   Thumb Code     0  libshutdown2.o(.ARM.Collect$$libshutdown$$0000000E)
    __rt_entry                               0x00000159   Thumb Code     0  __rtentry.o(.ARM.Collect$$rtentry$$00000000)
    __rt_entry_presh_1                       0x00000159   Thumb Code     0  __rtentry2.o(.ARM.Collect$$rtentry$$00000002)
    __rt_entry_sh                            0x00000159   Thumb Code     0  __rtentry4.o(.ARM.Collect$$rtentry$$00000004)
    __rt_entry_li                            0x0000015f   Thumb Code     0  __rtentry2.o(.ARM.Collect$$rtentry$$0000000A)
    __rt_entry_postsh_1                      0x0000015f   Thumb Code     0  __rtentry2.o(.ARM.Collect$$rtentry$$00000009)
    __rt_entry_main                          0x00000163   Thumb Code     0  __rtentry2.o(.ARM.Collect$$rtentry$$0000000D)
    __rt_entry_postli_1                      0x00000163   Thumb Code     0  __rtentry2.o(.ARM.Collect$$rtentry$$0000000C)
    __rt_exit                                0x0000016b   Thumb Code     0  rtexit.o(.ARM.Collect$$rtexit$$00000000)
    __rt_exit_ls                             0x0000016d   Thumb Code     0  rtexit2.o(.ARM.Collect$$rtexit$$00000003)
    __rt_exit_prels_1                        0x0000016d   Thumb Code     0  rtexit2.o(.ARM.Collect$$rtexit$$00000002)
    __rt_exit_exit                           0x00000171   Thumb Code     0  rtexit2.o(.ARM.Collect$$rtexit$$00000004)
    SystemCoreClockUpdate                    0x00000179   Thumb Code     8  system_arty_cm3.o(.text)
    SystemInit                               0x00000181   Thumb Code     8  system_arty_cm3.o(.text)
    Reset_Handler                            0x00000191   Thumb Code     8  startup_arty_cm3.o(.text)
    NMI_Handler                              0x00000199   Thumb Code     2  startup_arty_cm3.o(.text)
    HardFault_Handler                        0x0000019b   Thumb Code     2  startup_arty_cm3.o(.text)
    MemManage_Handler                        0x0000019d   Thumb Code     2  startup_arty_cm3.o(.text)
    BusFault_Handler                         0x0000019f   Thumb Code     2  startup_arty_cm3.o(.text)
    UsageFault_Handler                       0x000001a1   Thumb Code     2  startup_arty_cm3.o(.text)
    SVC_Handler                              0x000001a3   Thumb Code     2  startup_arty_cm3.o(.text)
    DebugMon_Handler                         0x000001a5   Thumb Code     2  startup_arty_cm3.o(.text)
    PendSV_Handler                           0x000001a7   Thumb Code     2  startup_arty_cm3.o(.text)
    SysTick_Handler                          0x000001a9   Thumb Code     2  startup_arty_cm3.o(.text)
    Unused_IRQ10                             0x000001ab   Thumb Code     0  startup_arty_cm3.o(.text)
    Unused_IRQ11                             0x000001ab   Thumb Code     0  startup_arty_cm3.o(.text)
    Unused_IRQ12                             0x000001ab   Thumb Code     0  startup_arty_cm3.o(.text)
    Unused_IRQ13                             0x000001ab   Thumb Code     0  startup_arty_cm3.o(.text)
    Unused_IRQ14                             0x000001ab   Thumb Code     0  startup_arty_cm3.o(.text)
    Unused_IRQ15                             0x000001ab   Thumb Code     0  startup_arty_cm3.o(.text)
    Unused_IRQ16                             0x000001ab   Thumb Code     0  startup_arty_cm3.o(.text)
    Unused_IRQ17                             0x000001ab   Thumb Code     0  startup_arty_cm3.o(.text)
    Unused_IRQ18                             0x000001ab   Thumb Code     0  startup_arty_cm3.o(.text)
    Unused_IRQ19                             0x000001ab   Thumb Code     0  startup_arty_cm3.o(.text)
    Unused_IRQ20                             0x000001ab   Thumb Code     0  startup_arty_cm3.o(.text)
    Unused_IRQ21                             0x000001ab   Thumb Code     0  startup_arty_cm3.o(.text)
    Unused_IRQ22                             0x000001ab   Thumb Code     0  startup_arty_cm3.o(.text)
    Unused_IRQ23                             0x000001ab   Thumb Code     0  startup_arty_cm3.o(.text)
    Unused_IRQ24                             0x000001ab   Thumb Code     0  startup_arty_cm3.o(.text)
    Unused_IRQ25                             0x000001ab   Thumb Code     0  startup_arty_cm3.o(.text)
    Unused_IRQ26                             0x000001ab   Thumb Code     0  startup_arty_cm3.o(.text)
    Unused_IRQ27                             0x000001ab   Thumb Code     0  startup_arty_cm3.o(.text)
    Unused_IRQ28                             0x000001ab   Thumb Code     0  startup_arty_cm3.o(.text)
    Unused_IRQ29                             0x000001ab   Thumb Code     0  startup_arty_cm3.o(.text)
    Unused_IRQ30                             0x000001ab   Thumb Code     0  startup_arty_cm3.o(.text)
    Unused_IRQ31                             0x000001ab   Thumb Code     0  startup_arty_cm3.o(.text)
    Unused_IRQ8                              0x000001ab   Thumb Code     0  startup_arty_cm3.o(.text)
    Unused_IRQ9                              0x000001ab   Thumb Code     0  startup_arty_cm3.o(.text)
    __user_initial_stackheap                 0x000001ad   Thumb Code    10  startup_arty_cm3.o(.text)
    outbyte                                  0x000001d1   Thumb Code    14  outbyte.o(.text)
    print                                    0x000001e5   Thumb Code    22  print.o(.text)
    Xil_Assert                               0x000001fd   Thumb Code    34  xil_assert.o(.text)
    Xil_AssertSetCallback                    0x0000021f   Thumb Code     6  xil_assert.o(.text)
    XNullHandler                             0x00000225   Thumb Code     2  xil_assert.o(.text)
    main                                     0x00000231   Thumb Code   708  main.o(.text)
    DAPLinkFittedn                           0x000004f5   Thumb Code    24  main.o(.text)
    atomic_test                              0x00000905   Thumb Code     0  atomic_asm.o(.text)
    atomic_access                            0x00000911   Thumb Code    28  atomic.o(.text)
    InitialiseGPIO                           0x0000092d   Thumb Code   130  gpio.o(.text)
    EnableGPIOInterrupts                     0x000009af   Thumb Code    32  gpio.o(.text)
    GPIO0_Handler                            0x000009cf   Thumb Code    38  gpio.o(.text)
    GPIO1_Handler                            0x000009f5   Thumb Code   140  gpio.o(.text)
    SetDAPLinkQSPIMode                       0x00000a81   Thumb Code    16  gpio.o(.text)
    IncLeds                                  0x00000a91   Thumb Code    26  gpio.o(.text)
    InitialiseSPI                            0x00000ad1   Thumb Code    58  spi.o(.text)
    DisableSPIInterrupts                     0x00000b0b   Thumb Code    18  spi.o(.text)
    InitQSPIBaseFlash                        0x00000b1d   Thumb Code    76  spi.o(.text)
    WriteQSPIBaseFlash                       0x00000b69   Thumb Code   138  spi.o(.text)
    ReadQSPIBaseFlash                        0x00000bf3   Thumb Code   124  spi.o(.text)
    WriteSPIData                             0x00000c6f   Thumb Code   248  spi.o(.text)
    QSPI0_Handler                            0x00000d67   Thumb Code    10  spi.o(.text)
    DAP_QSPI0_Handler                        0x00000d71   Thumb Code    10  spi.o(.text)
    DAP_SPI0_Handler                         0x00000d7b   Thumb Code    10  spi.o(.text)
    DAP_QSPI_XIP_Handler                     0x00000d85   Thumb Code    10  spi.o(.text)
    RecvHandler                              0x00000dd9   Thumb Code     6  uart.o(.text)
    SendHandler                              0x00000ddf   Thumb Code     6  uart.o(.text)
    InitialiseUART                           0x00000de5   Thumb Code    58  uart.o(.text)
    CheckUARTRxBytes                         0x00000e1f   Thumb Code    22  uart.o(.text)
    EnableUARTInterrupts                     0x00000e35   Thumb Code    10  uart.o(.text)
    UART0_Handler                            0x00000e3f   Thumb Code    26  uart.o(.text)
    XGpio_CfgInitialize                      0x00000e71   Thumb Code    56  xgpio.o(.text)
    XGpio_SetDataDirection                   0x00000ea9   Thumb Code   126  xgpio.o(.text)
    XGpio_GetDataDirection                   0x00000f27   Thumb Code   126  xgpio.o(.text)
    XGpio_DiscreteRead                       0x00000fa5   Thumb Code   126  xgpio.o(.text)
    XGpio_DiscreteWrite                      0x00001023   Thumb Code   126  xgpio.o(.text)
    XGpio_InterruptGlobalEnable              0x000010b1   Thumb Code   110  xgpio_intr.o(.text)
    XGpio_InterruptGlobalDisable             0x0000111f   Thumb Code   108  xgpio_intr.o(.text)
    XGpio_InterruptEnable                    0x0000118b   Thumb Code   124  xgpio_intr.o(.text)
    XGpio_InterruptDisable                   0x00001207   Thumb Code   124  xgpio_intr.o(.text)
    XGpio_InterruptClear                     0x00001283   Thumb Code   124  xgpio_intr.o(.text)
    XGpio_InterruptGetEnabled                0x000012ff   Thumb Code   112  xgpio_intr.o(.text)
    XGpio_InterruptGetStatus                 0x0000136f   Thumb Code   116  xgpio_intr.o(.text)
    XGpio_LookupConfig                       0x000013f9   Thumb Code    38  xgpio_sinit.o(.text)
    XGpio_Initialize                         0x0000141f   Thumb Code    64  xgpio_sinit.o(.text)
    XSpi_Abort                               0x0000146d   Thumb Code    62  xspi.o(.text)
    XSpi_Reset                               0x000014ab   Thumb Code    96  xspi.o(.text)
    XSpi_CfgInitialize                       0x00001525   Thumb Code   374  xspi.o(.text)
    XSpi_Start                               0x0000169b   Thumb Code   164  xspi.o(.text)
    XSpi_Stop                                0x0000173f   Thumb Code   124  xspi.o(.text)
    XSpi_Transfer                            0x000017bb   Thumb Code   872  xspi.o(.text)
    XSpi_SetSlaveSelect                      0x00001b23   Thumb Code   130  xspi.o(.text)
    XSpi_GetSlaveSelect                      0x00001ba5   Thumb Code    76  xspi.o(.text)
    XSpi_SetStatusHandler                    0x00001bf1   Thumb Code   106  xspi.o(.text)
    XSpi_InterruptHandler                    0x00001c5b   Thumb Code   630  xspi.o(.text)
    XSpi_LookupConfig                        0x00001ee5   Thumb Code    44  xspi_sinit.o(.text)
    XSpi_Initialize                          0x00001f11   Thumb Code    60  xspi_sinit.o(.text)
    XUartLite_CfgInitialize                  0x00001f71   Thumb Code    88  xuartlite.o(.text)
    XUartLite_SendBuffer                     0x00001fc9   Thumb Code   126  xuartlite.o(.text)
    XUartLite_Send                           0x00002047   Thumb Code   190  xuartlite.o(.text)
    XUartLite_ReceiveBuffer                  0x00002105   Thumb Code   156  xuartlite.o(.text)
    XUartLite_Recv                           0x000021a1   Thumb Code   198  xuartlite.o(.text)
    XUartLite_ResetFifos                     0x00002267   Thumb Code   100  xuartlite.o(.text)
    XUartLite_IsSending                      0x000022cb   Thumb Code    56  xuartlite.o(.text)
    XUartLite_SetRecvHandler                 0x0000231d   Thumb Code   100  xuartlite_intr.o(.text)
    XUartLite_SetSendHandler                 0x00002381   Thumb Code   100  xuartlite_intr.o(.text)
    XUartLite_InterruptHandler               0x00002431   Thumb Code    72  xuartlite_intr.o(.text)
    XUartLite_DisableInterrupt               0x00002479   Thumb Code    82  xuartlite_intr.o(.text)
    XUartLite_EnableInterrupt                0x000024cb   Thumb Code    82  xuartlite_intr.o(.text)
    XUartLite_SendByte                       0x0000252d   Thumb Code    24  xuartlite_l.o(.text)
    XUartLite_RecvByte                       0x00002545   Thumb Code    24  xuartlite_l.o(.text)
    XUartLite_LookupConfig                   0x0000255d   Thumb Code    38  xuartlite_sinit.o(.text)
    XUartLite_Initialize                     0x00002583   Thumb Code    60  xuartlite_sinit.o(.text)
    XUartLite_GetStats                       0x000025cd   Thumb Code   122  xuartlite_stats.o(.text)
    XUartLite_ClearStats                     0x00002647   Thumb Code    82  xuartlite_stats.o(.text)
    __2sprintf                               0x000026a1   Thumb Code    34  noretval__2sprintf.o(.text)
    __printf                                 0x000026c9   Thumb Code   104  __printf.o(.text)
    _printf_str                              0x00002731   Thumb Code    82  _printf_str.o(.text)
    _printf_int_dec                          0x00002785   Thumb Code   104  _printf_dec.o(.text)
    _printf_int_hex                          0x000027fd   Thumb Code    84  _printf_hex_int.o(.text)
    _printf_longlong_hex                     0x000027fd   Thumb Code     0  _printf_hex_int.o(.text)
    strcpy                                   0x00002855   Thumb Code    72  strcpy.o(.text)
    __aeabi_memcpy4                          0x0000289d   Thumb Code     0  rt_memcpy_w.o(.text)
    __aeabi_memcpy8                          0x0000289d   Thumb Code     0  rt_memcpy_w.o(.text)
    __rt_memcpy_w                            0x0000289d   Thumb Code   100  rt_memcpy_w.o(.text)
    _memcpy_lastbytes_aligned                0x000028e5   Thumb Code     0  rt_memcpy_w.o(.text)
    __use_two_region_memory                  0x00002901   Thumb Code     2  heapauxi.o(.text)
    __rt_heap_escrow$2region                 0x00002903   Thumb Code     2  heapauxi.o(.text)
    __rt_heap_expand$2region                 0x00002905   Thumb Code     2  heapauxi.o(.text)
    _printf_int_common                       0x00002907   Thumb Code   178  _printf_intcommon.o(.text)
    _printf_char_common                      0x000029c3   Thumb Code    32  _printf_char_common.o(.text)
    _sputc                                   0x000029e9   Thumb Code    10  _sputc.o(.text)
    _printf_cs_common                        0x000029f3   Thumb Code    20  _printf_char.o(.text)
    _printf_char                             0x00002a07   Thumb Code    16  _printf_char.o(.text)
    _printf_string                           0x00002a17   Thumb Code     8  _printf_char.o(.text)
    __user_setup_stackheap                   0x00002a1f   Thumb Code    74  sys_stackheap_outer.o(.text)
    exit                                     0x00002a69   Thumb Code    18  exit.o(.text)
    __user_libspace                          0x00002a7d   Thumb Code     8  libspace.o(.text)
    __user_perproc_libspace                  0x00002a7d   Thumb Code     0  libspace.o(.text)
    __user_perthread_libspace                0x00002a7d   Thumb Code     0  libspace.o(.text)
    _sys_exit                                0x00002a85   Thumb Code     8  sys_exit.o(.text)
    __I$use$semihosting                      0x00002a91   Thumb Code     0  use_no_semi.o(.text)
    __use_no_semihosting_swi                 0x00002a91   Thumb Code     2  use_no_semi.o(.text)
    __semihosting_library_function           0x00002a93   Thumb Code     0  indicate_semi.o(.text)
    Region$$Table$$Base                      0x00002dcc   Number         0  anon$$obj.o(Region$$Table)
    Region$$Table$$Limit                     0x00002dec   Number         0  anon$$obj.o(Region$$Table)
    SystemCoreClock                          0x20000000   Data           4  system_arty_cm3.o(.data)
    Xil_AssertStatus                         0x20000004   Data           4  xil_assert.o(.data)
    Xil_AssertWait                           0x20000008   Data           4  xil_assert.o(.data)
    XGpio_ConfigTable                        0x2000001c   Data          48  xgpio_g.o(.data)
    XSpi_ConfigTable                         0x2000004c   Data         112  xspi_g.o(.data)
    XUartLite_ConfigTable                    0x200000bc   Data          16  xuartlite_g.o(.data)
    UARTSendBuffer                           0x200003a4   Data         256  uart.o(.bss)
    UARTReceiveBuffer                        0x200004a4   Data         256  uart.o(.bss)
    __libspace_start                         0x200005a4   Data          96  libspace.o(.bss)
    __temporary_stack_top$libspace           0x20000604   Data           0  libspace.o(.bss)



==============================================================================

Memory Map of the image

  Image Entry point : 0x00000191

  Load Region LR_IROM1 (Base: 0x00000000, Size: 0x00002eb8, Max: 0x00008000, ABSOLUTE)

    Execution Region ER_IROM1 (Exec base: 0x00000000, Load base: 0x00000000, Size: 0x00002dec, Max: 0x00008000, ABSOLUTE)

    Exec Addr    Load Addr    Size         Type   Attr      Idx    E Section Name        Object

    0x00000000   0x00000000   0x000000c0   Data   RO           49    RESET               startup_arty_cm3.o
    0x000000c0   0x000000c0   0x00000008   Code   RO          698  * !!!main             c_w.l(__main.o)
    0x000000c8   0x000000c8   0x00000034   Code   RO          868    !!!scatter          c_w.l(__scatter.o)
    0x000000fc   0x000000fc   0x0000001a   Code   RO          870    !!handler_copy      c_w.l(__scatter_copy.o)
    0x00000116   0x00000116   0x00000002   PAD
    0x00000118   0x00000118   0x0000001c   Code   RO          872    !!handler_zi        c_w.l(__scatter_zi.o)
    0x00000134   0x00000134   0x00000000   Code   RO          691    .ARM.Collect$$_printf_percent$$00000000  c_w.l(_printf_percent.o)
    0x00000134   0x00000134   0x00000006   Code   RO          689    .ARM.Collect$$_printf_percent$$00000008  c_w.l(_printf_i.o)
    0x0000013a   0x0000013a   0x00000006   Code   RO          690    .ARM.Collect$$_printf_percent$$00000009  c_w.l(_printf_d.o)
    0x00000140   0x00000140   0x00000006   Code   RO          688    .ARM.Collect$$_printf_percent$$0000000C  c_w.l(_printf_x.o)
    0x00000146   0x00000146   0x00000006   Code   RO          687    .ARM.Collect$$_printf_percent$$00000014  c_w.l(_printf_s.o)
    0x0000014c   0x0000014c   0x00000004   Code   RO          709    .ARM.Collect$$_printf_percent$$00000017  c_w.l(_printf_percent_end.o)
    0x00000150   0x00000150   0x00000002   Code   RO          736    .ARM.Collect$$libinit$$00000000  c_w.l(libinit.o)
    0x00000152   0x00000152   0x00000000   Code   RO          743    .ARM.Collect$$libinit$$00000002  c_w.l(libinit2.o)
    0x00000152   0x00000152   0x00000000   Code   RO          745    .ARM.Collect$$libinit$$00000004  c_w.l(libinit2.o)
    0x00000152   0x00000152   0x00000000   Code   RO          748    .ARM.Collect$$libinit$$0000000A  c_w.l(libinit2.o)
    0x00000152   0x00000152   0x00000000   Code   RO          750    .ARM.Collect$$libinit$$0000000C  c_w.l(libinit2.o)
    0x00000152   0x00000152   0x00000000   Code   RO          752    .ARM.Collect$$libinit$$0000000E  c_w.l(libinit2.o)
    0x00000152   0x00000152   0x00000000   Code   RO          755    .ARM.Collect$$libinit$$00000011  c_w.l(libinit2.o)
    0x00000152   0x00000152   0x00000000   Code   RO          757    .ARM.Collect$$libinit$$00000013  c_w.l(libinit2.o)
    0x00000152   0x00000152   0x00000000   Code   RO          759    .ARM.Collect$$libinit$$00000015  c_w.l(libinit2.o)
    0x00000152   0x00000152   0x00000000   Code   RO          761    .ARM.Collect$$libinit$$00000017  c_w.l(libinit2.o)
    0x00000152   0x00000152   0x00000000   Code   RO          763    .ARM.Collect$$libinit$$00000019  c_w.l(libinit2.o)
    0x00000152   0x00000152   0x00000000   Code   RO          765    .ARM.Collect$$libinit$$0000001B  c_w.l(libinit2.o)
    0x00000152   0x00000152   0x00000000   Code   RO          767    .ARM.Collect$$libinit$$0000001D  c_w.l(libinit2.o)
    0x00000152   0x00000152   0x00000000   Code   RO          769    .ARM.Collect$$libinit$$0000001F  c_w.l(libinit2.o)
    0x00000152   0x00000152   0x00000000   Code   RO          771    .ARM.Collect$$libinit$$00000021  c_w.l(libinit2.o)
    0x00000152   0x00000152   0x00000000   Code   RO          773    .ARM.Collect$$libinit$$00000023  c_w.l(libinit2.o)
    0x00000152   0x00000152   0x00000000   Code   RO          775    .ARM.Collect$$libinit$$00000025  c_w.l(libinit2.o)
    0x00000152   0x00000152   0x00000000   Code   RO          779    .ARM.Collect$$libinit$$0000002C  c_w.l(libinit2.o)
    0x00000152   0x00000152   0x00000000   Code   RO          781    .ARM.Collect$$libinit$$0000002E  c_w.l(libinit2.o)
    0x00000152   0x00000152   0x00000000   Code   RO          783    .ARM.Collect$$libinit$$00000030  c_w.l(libinit2.o)
    0x00000152   0x00000152   0x00000000   Code   RO          785    .ARM.Collect$$libinit$$00000032  c_w.l(libinit2.o)
    0x00000152   0x00000152   0x00000002   Code   RO          786    .ARM.Collect$$libinit$$00000033  c_w.l(libinit2.o)
    0x00000154   0x00000154   0x00000002   Code   RO          806    .ARM.Collect$$libshutdown$$00000000  c_w.l(libshutdown.o)
    0x00000156   0x00000156   0x00000000   Code   RO          819    .ARM.Collect$$libshutdown$$00000002  c_w.l(libshutdown2.o)
    0x00000156   0x00000156   0x00000000   Code   RO          821    .ARM.Collect$$libshutdown$$00000004  c_w.l(libshutdown2.o)
    0x00000156   0x00000156   0x00000000   Code   RO          823    .ARM.Collect$$libshutdown$$00000006  c_w.l(libshutdown2.o)
    0x00000156   0x00000156   0x00000000   Code   RO          826    .ARM.Collect$$libshutdown$$00000009  c_w.l(libshutdown2.o)
    0x00000156   0x00000156   0x00000000   Code   RO          829    .ARM.Collect$$libshutdown$$0000000C  c_w.l(libshutdown2.o)
    0x00000156   0x00000156   0x00000000   Code   RO          831    .ARM.Collect$$libshutdown$$0000000E  c_w.l(libshutdown2.o)
    0x00000156   0x00000156   0x00000000   Code   RO          834    .ARM.Collect$$libshutdown$$00000011  c_w.l(libshutdown2.o)
    0x00000156   0x00000156   0x00000002   Code   RO          835    .ARM.Collect$$libshutdown$$00000012  c_w.l(libshutdown2.o)
    0x00000158   0x00000158   0x00000000   Code   RO          700    .ARM.Collect$$rtentry$$00000000  c_w.l(__rtentry.o)
    0x00000158   0x00000158   0x00000000   Code   RO          711    .ARM.Collect$$rtentry$$00000002  c_w.l(__rtentry2.o)
    0x00000158   0x00000158   0x00000006   Code   RO          723    .ARM.Collect$$rtentry$$00000004  c_w.l(__rtentry4.o)
    0x0000015e   0x0000015e   0x00000000   Code   RO          713    .ARM.Collect$$rtentry$$00000009  c_w.l(__rtentry2.o)
    0x0000015e   0x0000015e   0x00000004   Code   RO          714    .ARM.Collect$$rtentry$$0000000A  c_w.l(__rtentry2.o)
    0x00000162   0x00000162   0x00000000   Code   RO          716    .ARM.Collect$$rtentry$$0000000C  c_w.l(__rtentry2.o)
    0x00000162   0x00000162   0x00000008   Code   RO          717    .ARM.Collect$$rtentry$$0000000D  c_w.l(__rtentry2.o)
    0x0000016a   0x0000016a   0x00000002   Code   RO          740    .ARM.Collect$$rtexit$$00000000  c_w.l(rtexit.o)
    0x0000016c   0x0000016c   0x00000000   Code   RO          788    .ARM.Collect$$rtexit$$00000002  c_w.l(rtexit2.o)
    0x0000016c   0x0000016c   0x00000004   Code   RO          789    .ARM.Collect$$rtexit$$00000003  c_w.l(rtexit2.o)
    0x00000170   0x00000170   0x00000006   Code   RO          790    .ARM.Collect$$rtexit$$00000004  c_w.l(rtexit2.o)
    0x00000176   0x00000176   0x00000002   PAD
    0x00000178   0x00000178   0x00000018   Code   RO            3    .text               system_arty_cm3.o
    0x00000190   0x00000190   0x00000040   Code   RO           50  * .text               startup_arty_cm3.o
    0x000001d0   0x000001d0   0x00000014   Code   RO           54    .text               outbyte.o
    0x000001e4   0x000001e4   0x00000016   Code   RO          110    .text               print.o
    0x000001fa   0x000001fa   0x00000002   PAD
    0x000001fc   0x000001fc   0x00000034   Code   RO          137    .text               xil_assert.o
    0x00000230   0x00000230   0x000006d4   Code   RO          160    .text               main.o
    0x00000904   0x00000904   0x0000000c   Code   RO          240    .text               atomic_asm.o
    0x00000910   0x00000910   0x0000001c   Code   RO          243    .text               atomic.o
    0x0000092c   0x0000092c   0x000001a4   Code   RO          257    .text               gpio.o
    0x00000ad0   0x00000ad0   0x00000308   Code   RO          289    .text               spi.o
    0x00000dd8   0x00000dd8   0x00000098   Code   RO          336    .text               uart.o
    0x00000e70   0x00000e70   0x00000240   Code   RO          361    .text               xgpio.o
    0x000010b0   0x000010b0   0x00000348   Code   RO          409    .text               xgpio_intr.o
    0x000013f8   0x000013f8   0x00000074   Code   RO          435    .text               xgpio_sinit.o
    0x0000146c   0x0000146c   0x00000a78   Code   RO          448    .text               xspi.o
    0x00001ee4   0x00001ee4   0x00000074   Code   RO          508    .text               xspi_sinit.o
    0x00001f58   0x00001f58   0x000003c4   Code   RO          535    .text               xuartlite.o
    0x0000231c   0x0000231c   0x00000210   Code   RO          567    .text               xuartlite_intr.o
    0x0000252c   0x0000252c   0x00000030   Code   RO          580    .text               xuartlite_l.o
    0x0000255c   0x0000255c   0x00000070   Code   RO          608    .text               xuartlite_sinit.o
    0x000025cc   0x000025cc   0x000000d4   Code   RO          621    .text               xuartlite_stats.o
    0x000026a0   0x000026a0   0x00000028   Code   RO          638    .text               c_w.l(noretval__2sprintf.o)
    0x000026c8   0x000026c8   0x00000068   Code   RO          640    .text               c_w.l(__printf.o)
    0x00002730   0x00002730   0x00000052   Code   RO          642    .text               c_w.l(_printf_str.o)
    0x00002782   0x00002782   0x00000002   PAD
    0x00002784   0x00002784   0x00000078   Code   RO          644    .text               c_w.l(_printf_dec.o)
    0x000027fc   0x000027fc   0x00000058   Code   RO          649    .text               c_w.l(_printf_hex_int.o)
    0x00002854   0x00002854   0x00000048   Code   RO          692    .text               c_w.l(strcpy.o)
    0x0000289c   0x0000289c   0x00000064   Code   RO          694    .text               c_w.l(rt_memcpy_w.o)
    0x00002900   0x00002900   0x00000006   Code   RO          696    .text               c_w.l(heapauxi.o)
    0x00002906   0x00002906   0x000000b2   Code   RO          701    .text               c_w.l(_printf_intcommon.o)
    0x000029b8   0x000029b8   0x00000030   Code   RO          703    .text               c_w.l(_printf_char_common.o)
    0x000029e8   0x000029e8   0x0000000a   Code   RO          705    .text               c_w.l(_sputc.o)
    0x000029f2   0x000029f2   0x0000002c   Code   RO          707    .text               c_w.l(_printf_char.o)
    0x00002a1e   0x00002a1e   0x0000004a   Code   RO          727    .text               c_w.l(sys_stackheap_outer.o)
    0x00002a68   0x00002a68   0x00000012   Code   RO          729    .text               c_w.l(exit.o)
    0x00002a7a   0x00002a7a   0x00000002   PAD
    0x00002a7c   0x00002a7c   0x00000008   Code   RO          737    .text               c_w.l(libspace.o)
    0x00002a84   0x00002a84   0x0000000c   Code   RO          798    .text               c_w.l(sys_exit.o)
    0x00002a90   0x00002a90   0x00000002   Code   RO          809    .text               c_w.l(use_no_semi.o)
    0x00002a92   0x00002a92   0x00000000   Code   RO          811    .text               c_w.l(indicate_semi.o)
    0x00002a92   0x00002a92   0x00000002   PAD
    0x00002a94   0x00002a94   0x00000020   Data   RO          161    .constdata          main.o
    0x00002ab4   0x00002ab4   0x00000028   Data   RO          650    .constdata          c_w.l(_printf_hex_int.o)
    0x00002adc   0x00002adc   0x0000004b   Data   RO          362    .conststring        xgpio.o
    0x00002b27   0x00002b27   0x00000001   PAD
    0x00002b28   0x00002b28   0x00000050   Data   RO          410    .conststring        xgpio_intr.o
    0x00002b78   0x00002b78   0x00000051   Data   RO          436    .conststring        xgpio_sinit.o
    0x00002bc9   0x00002bc9   0x00000003   PAD
    0x00002bcc   0x00002bcc   0x00000049   Data   RO          449    .conststring        xspi.o
    0x00002c15   0x00002c15   0x00000003   PAD
    0x00002c18   0x00002c18   0x0000004f   Data   RO          509    .conststring        xspi_sinit.o
    0x00002c67   0x00002c67   0x00000001   PAD
    0x00002c68   0x00002c68   0x00000053   Data   RO          536    .conststring        xuartlite.o
    0x00002cbb   0x00002cbb   0x00000001   PAD
    0x00002cbc   0x00002cbc   0x00000058   Data   RO          568    .conststring        xuartlite_intr.o
    0x00002d14   0x00002d14   0x00000059   Data   RO          609    .conststring        xuartlite_sinit.o
    0x00002d6d   0x00002d6d   0x00000003   PAD
    0x00002d70   0x00002d70   0x00000059   Data   RO          622    .conststring        xuartlite_stats.o
    0x00002dc9   0x00002dc9   0x00000003   PAD
    0x00002dcc   0x00002dcc   0x00000020   Data   RO          866    Region$$Table       anon$$obj.o


    Execution Region RW_IRAM1 (Exec base: 0x20000000, Load base: 0x00002dec, Size: 0x00001608, Max: 0x00008000, ABSOLUTE)

    Exec Addr    Load Addr    Size         Type   Attr      Idx    E Section Name        Object

    0x20000000   0x00002dec   0x00000004   Data   RW            4    .data               system_arty_cm3.o
    0x20000004   0x00002df0   0x0000000c   Data   RW          138    .data               xil_assert.o
    0x20000010   0x00002dfc   0x0000000c   Data   RW          338    .data               uart.o
    0x2000001c   0x00002e08   0x00000030   Data   RW          400    .data               xgpio_g.o
    0x2000004c   0x00002e38   0x00000070   Data   RW          471    .data               xspi_g.o
    0x200000bc   0x00002ea8   0x00000010   Data   RW          558    .data               xuartlite_g.o
    0x200000cc        -       0x00000030   Zero   RW          258    .bss                gpio.o
    0x200000fc        -       0x0000025c   Zero   RW          290    .bss                spi.o
    0x20000358        -       0x0000024c   Zero   RW          337    .bss                uart.o
    0x200005a4        -       0x00000060   Zero   RW          738    .bss                c_w.l(libspace.o)
    0x20000604   0x00002eb8   0x00000004   PAD
    0x20000608        -       0x00000c00   Zero   RW           48    HEAP                startup_arty_cm3.o
    0x20001208        -       0x00000400   Zero   RW           47    STACK               startup_arty_cm3.o


==============================================================================

Image component sizes


      Code (inc. data)   RO Data    RW Data    ZI Data      Debug   Object Name

        28          0          0          0          0       1024   atomic.o
        12          0          0          0          0        232   atomic_asm.o
       420         20          0          0         48      24880   gpio.o
      1748        976         32          0          0      26373   main.o
        20          6          0          0          0       2254   outbyte.o
        22          0          0          0          0       2748   print.o
       776         44          0          0        604      10759   spi.o
        64         26        192          0       4096        876   startup_arty_cm3.o
        24          8          0          4          0       6497   system_arty_cm3.o
       152         24          0         12        588       3376   uart.o
       576         10         75          0          0       5095   xgpio.o
         0          0          0         48          0        780   xgpio_g.o
       840         10         80          0          0       3296   xgpio_intr.o
       116         14         81          0          0       1558   xgpio_sinit.o
        52         10          0         12          0       4154   xil_assert.o
      2680         20         73          0          0      10122   xspi.o
         0          0          0        112          0        767   xspi_g.o
       116         12         79          0          0       1615   xspi_sinit.o
       964         14         83          0          0       5570   xuartlite.o
         0          0          0         16          0        820   xuartlite_g.o
       528         10         88          0          0       3244   xuartlite_intr.o
        48          0          0          0          0       1176   xuartlite_l.o
       112         14         89          0          0       1614   xuartlite_sinit.o
       212          8         89          0          0       1562   xuartlite_stats.o

    ----------------------------------------------------------------------
      9512       1226       1008        204       5336     120392   Object Totals
         0          0         32          0          0          0   (incl. Generated)
         2          0         15          0          0          0   (incl. Padding)

    ----------------------------------------------------------------------

      Code (inc. data)   RO Data    RW Data    ZI Data      Debug   Library Member Name

         8          0          0          0          0         68   __main.o
       104          0          0          0          0         84   __printf.o
         0          0          0          0          0          0   __rtentry.o
        12          0          0          0          0          0   __rtentry2.o
         6          0          0          0          0          0   __rtentry4.o
        52          8          0          0          0          0   __scatter.o
        26          0          0          0          0          0   __scatter_copy.o
        28          0          0          0          0          0   __scatter_zi.o
        44          0          0          0          0        108   _printf_char.o
        48          6          0          0          0         96   _printf_char_common.o
         6          0          0          0          0          0   _printf_d.o
       120         16          0          0          0         92   _printf_dec.o
        88          4         40          0          0         88   _printf_hex_int.o
         6          0          0          0          0          0   _printf_i.o
       178          0          0          0          0         88   _printf_intcommon.o
         0          0          0          0          0          0   _printf_percent.o
         4          0          0          0          0          0   _printf_percent_end.o
         6          0          0          0          0          0   _printf_s.o
        82          0          0          0          0         80   _printf_str.o
         6          0          0          0          0          0   _printf_x.o
        10          0          0          0          0         68   _sputc.o
        18          0          0          0          0         80   exit.o
         6          0          0          0          0        152   heapauxi.o
         0          0          0          0          0          0   indicate_semi.o
         2          0          0          0          0          0   libinit.o
         2          0          0          0          0          0   libinit2.o
         2          0          0          0          0          0   libshutdown.o
         2          0          0          0          0          0   libshutdown2.o
         8          4          0          0         96         68   libspace.o
        40          6          0          0          0         84   noretval__2sprintf.o
       100          0          0          0          0         80   rt_memcpy_w.o
         2          0          0          0          0          0   rtexit.o
        10          0          0          0          0          0   rtexit2.o
        72          0          0          0          0         80   strcpy.o
        12          4          0          0          0         68   sys_exit.o
        74          0          0          0          0         80   sys_stackheap_outer.o
         2          0          0          0          0         68   use_no_semi.o

    ----------------------------------------------------------------------
      1196         48         40          0        100       1532   Library Totals
        10          0          0          0          4          0   (incl. Padding)

    ----------------------------------------------------------------------

      Code (inc. data)   RO Data    RW Data    ZI Data      Debug   Library Name

      1186         48         40          0         96       1532   c_w.l

    ----------------------------------------------------------------------
      1196         48         40          0        100       1532   Library Totals

    ----------------------------------------------------------------------

==============================================================================


      Code (inc. data)   RO Data    RW Data    ZI Data      Debug   

     10708       1274       1048        204       5436     120204   Grand Totals
     10708       1274       1048        204       5436     120204   ELF Image Totals
     10708       1274       1048        204          0          0   ROM Totals

==============================================================================

    Total RO  Size (Code + RO Data)                11756 (  11.48kB)
    Total RW  Size (RW Data + ZI Data)              5640 (   5.51kB)
    Total ROM Size (Code + RO Data + RW Data)      11960 (  11.68kB)

==============================================================================

