Copyright 1986-2022 Xilinx, Inc. All Rights Reserved.
----------------------------------------------------------------------------------------
| Tool Version : Vivado v.2022.2 (win64) Build 3671981 Fri Oct 14 05:00:03 MDT 2022
| Date         : Sun Oct  1 18:05:07 2023
| Host         : DESKTOP-1PFU4II running 64-bit major release  (build 9200)
| Command      : report_control_sets -verbose -file AHBLITE_SYS_control_sets_placed.rpt
| Design       : AHBLITE_SYS
| Device       : xc7a35ti
----------------------------------------------------------------------------------------

Control Set Information

Table of Contents
-----------------
1. Summary
2. Histogram
3. Flip-Flop Distribution
4. Detailed Control Set Information

1. Summary
----------

+----------------------------------------------------------+-------+
|                          Status                          | Count |
+----------------------------------------------------------+-------+
| Total control sets                                       |    67 |
|    Minimum number of control sets                        |    67 |
|    Addition due to synthesis replication                 |     0 |
|    Addition due to physical synthesis replication        |     0 |
| Unused register locations in slices containing registers |   208 |
+----------------------------------------------------------+-------+
* Control sets can be merged at opt_design using control_set_merge or merge_equivalent_drivers
** Run report_qor_suggestions for automated merging and remapping suggestions


2. Histogram
------------

+--------------------+-------+
|       Fanout       | Count |
+--------------------+-------+
| Total control sets |    67 |
| >= 0 to < 4        |     2 |
| >= 4 to < 6        |    25 |
| >= 6 to < 8        |     0 |
| >= 8 to < 10       |     8 |
| >= 10 to < 12      |     0 |
| >= 12 to < 14      |     0 |
| >= 14 to < 16      |     1 |
| >= 16              |    31 |
+--------------------+-------+
* Control sets can be remapped at either synth_design or opt_design


3. Flip-Flop Distribution
-------------------------

+--------------+-----------------------+------------------------+-----------------+--------------+
| Clock Enable | Synchronous Set/Reset | Asynchronous Set/Reset | Total Registers | Total Slices |
+--------------+-----------------------+------------------------+-----------------+--------------+
| No           | No                    | No                     |             179 |           96 |
| No           | No                    | Yes                    |             253 |          161 |
| No           | Yes                   | No                     |               0 |            0 |
| Yes          | No                    | No                     |             717 |          307 |
| Yes          | No                    | Yes                    |             115 |           45 |
| Yes          | Yes                   | No                     |              80 |           45 |
+--------------+-----------------------+------------------------+-----------------+--------------+


4. Detailed Control Set Information
-----------------------------------

+----------------+----------------------------------------------+----------------------------------------------+------------------+----------------+--------------+
|  Clock Signal  |                 Enable Signal                |               Set/Reset Signal               | Slice Load Count | Bel Load Count | Bels / Slice |
+----------------+----------------------------------------------+----------------------------------------------+------------------+----------------+--------------+
|  CLK_IBUF_BUFG |                                              |                                              |                1 |              1 |         1.00 |
|  TCK_IBUF_BUFG |                                              | u_CORTEXM0INTEGRATION/Evhpw6_i_1_n_0         |                1 |              3 |         3.00 |
|  fclk          | u_CORTEXM0INTEGRATION/u_logic/Dzvpw6_i_1_n_0 |                                              |                2 |              4 |         2.00 |
|  fclk          | u_CORTEXM0INTEGRATION/u_logic/Iixpw6_i_1_n_0 |                                              |                1 |              4 |         4.00 |
|  TCK_IBUF_BUFG | u_CORTEXM0INTEGRATION/u_logic/Kwlpw6_i_1_n_0 | u_CORTEXM0INTEGRATION/Nyhpw6_i_1_n_0         |                1 |              4 |         4.00 |
|  fclk          | u_CORTEXM0INTEGRATION/u_logic/Rskax6_i_1_n_0 |                                              |                4 |              4 |         1.00 |
|  TCK_IBUF_BUFG | u_CORTEXM0INTEGRATION/u_logic/Y14iu6         |                                              |                2 |              4 |         2.00 |
|  fclk          | u_CORTEXM0INTEGRATION/u_logic/Vpgbx6_i_1_n_0 | hresetn                                      |                1 |              4 |         4.00 |
|  fclk          | u_CORTEXM0INTEGRATION/u_logic/Xsmiu6         | u_CORTEXM0INTEGRATION/u_logic/V5vax6_i_1_n_0 |                4 |              5 |         1.25 |
|  fclk          | u_CORTEXM0INTEGRATION/u_logic/X5bax6_i_1_n_0 |                                              |                2 |              5 |         2.50 |
|  fclk          | u_CORTEXM0INTEGRATION/u_logic/Zgzpw6_i_1_n_0 | u_CORTEXM0INTEGRATION/u_logic/Tg0qw6_i_1_n_0 |                3 |              5 |         1.67 |
|  fclk          | u_CORTEXM0INTEGRATION/u_logic/Tikbx6_i_1_n_0 |                                              |                2 |              5 |         2.50 |
|  fclk          |                                              | reset_sync_reg[3]_i_1_n_0                    |                2 |              5 |         2.50 |
|  fclk          | u_CORTEXM0INTEGRATION/u_logic/Ztmiu6         | u_CORTEXM0INTEGRATION/u_logic/De6bx6_i_1_n_0 |                4 |              5 |         1.25 |
|  fclk          | u_CORTEXM0INTEGRATION/u_logic/Jsmiu6         | u_CORTEXM0INTEGRATION/u_logic/Lpwax6_i_1_n_0 |                4 |              5 |         1.25 |
|  fclk          | u_CORTEXM0INTEGRATION/u_logic/Stmiu6         | u_CORTEXM0INTEGRATION/u_logic/O4sax6_i_1_n_0 |                2 |              5 |         2.50 |
|  fclk          | u_CORTEXM0INTEGRATION/u_logic/Kloax6_i_1_n_0 | u_CORTEXM0INTEGRATION/u_logic/Ehpax6_i_1_n_0 |                2 |              5 |         2.50 |
|  fclk          | u_CORTEXM0INTEGRATION/u_logic/S5nax6_i_1_n_0 | u_CORTEXM0INTEGRATION/u_logic/Nznax6_i_1_n_0 |                3 |              5 |         1.67 |
|  fclk          | u_CORTEXM0INTEGRATION/u_logic/Ltmiu6         | u_CORTEXM0INTEGRATION/u_logic/C9wpw6_i_1_n_0 |                1 |              5 |         5.00 |
|  fclk          | u_CORTEXM0INTEGRATION/u_logic/Numiu6         | u_CORTEXM0INTEGRATION/u_logic/C5wpw6_i_1_n_0 |                1 |              5 |         5.00 |
|  fclk          | u_CORTEXM0INTEGRATION/u_logic/Gumiu6         | u_CORTEXM0INTEGRATION/u_logic/C7wpw6_i_1_n_0 |                4 |              5 |         1.25 |
|  fclk          | u_CORTEXM0INTEGRATION/u_logic/Etmiu6         | u_CORTEXM0INTEGRATION/u_logic/Cbwpw6_i_1_n_0 |                3 |              5 |         1.67 |
|  fclk          | u_CORTEXM0INTEGRATION/u_logic/Qsmiu6         | u_CORTEXM0INTEGRATION/u_logic/Cdwpw6_i_1_n_0 |                3 |              5 |         1.67 |
|  fclk          | u_CORTEXM0INTEGRATION/u_logic/Csmiu6         | u_CORTEXM0INTEGRATION/u_logic/Eotax6_i_1_n_0 |                3 |              5 |         1.67 |
|  fclk          | u_CORTEXM0INTEGRATION/u_logic/A5qax6_i_1_n_0 | u_CORTEXM0INTEGRATION/u_logic/U0rax6_i_1_n_0 |                2 |              5 |         2.50 |
|  fclk          | u_CORTEXM0INTEGRATION/u_logic/Cmlax6_i_1_n_0 | u_CORTEXM0INTEGRATION/u_logic/Whmax6_i_1_n_0 |                4 |              5 |         1.25 |
|  fclk          | u_CORTEXM0INTEGRATION/u_logic/Ydkiu6         | u_CORTEXM0INTEGRATION/u_logic/Cfwpw6_i_1_n_0 |                2 |              5 |         2.50 |
|  fclk          | u_CORTEXM0INTEGRATION/u_logic/X7abx6_i_1_n_0 | hresetn                                      |                2 |              8 |         4.00 |
|  fclk          | u_CORTEXM0INTEGRATION/u_logic/L8zax6_i_1_n_0 | hresetn                                      |                3 |              8 |         2.67 |
|  fclk          | u_CORTEXM0INTEGRATION/u_logic/Pz9bx6_i_1_n_0 | hresetn                                      |                2 |              8 |         4.00 |
|  fclk          | u_CORTEXM0INTEGRATION/u_logic/Mfyax6_i_1_n_0 | hresetn                                      |                3 |              8 |         2.67 |
|  fclk          | u_CORTEXM0INTEGRATION/u_logic/Bcabx6_i_1_n_0 | hresetn                                      |                2 |              8 |         4.00 |
|  fclk          | u_CORTEXM0INTEGRATION/u_logic/Nv9bx6_i_1_n_0 | hresetn                                      |                2 |              8 |         4.00 |
|  fclk          | u_CORTEXM0INTEGRATION/u_logic/Z9abx6_i_1_n_0 | hresetn                                      |                2 |              8 |         4.00 |
|  fclk          | u_CORTEXM0INTEGRATION/u_logic/R1abx6_i_1_n_0 | hresetn                                      |                3 |              8 |         2.67 |
|  fclk          | uAHB2RAM/E[0]                                | hresetn                                      |                8 |             15 |         1.88 |
|  fclk          | u_CORTEXM0INTEGRATION/u_logic/Sm1iu6         |                                              |                5 |             22 |         4.40 |
|  fclk          | u_CORTEXM0INTEGRATION/u_logic/Wnxax6_i_1_n_0 |                                              |               12 |             24 |         2.00 |
|  TCK_IBUF_BUFG |                                              | u_CORTEXM0INTEGRATION/Nyhpw6_i_1_n_0         |               14 |             24 |         1.71 |
|  fclk          | u_CORTEXM0INTEGRATION/u_logic/Ydkiu6         |                                              |               13 |             25 |         1.92 |
|  fclk          | u_CORTEXM0INTEGRATION/u_logic/Zgzpw6_i_1_n_0 |                                              |               12 |             25 |         2.08 |
|  fclk          | u_CORTEXM0INTEGRATION/u_logic/Etmiu6         |                                              |               14 |             27 |         1.93 |
|  fclk          | u_CORTEXM0INTEGRATION/u_logic/Qsmiu6         |                                              |               13 |             27 |         2.08 |
|  fclk          | u_CORTEXM0INTEGRATION/u_logic/Gumiu6         |                                              |               13 |             27 |         2.08 |
|  fclk          | u_CORTEXM0INTEGRATION/u_logic/Numiu6         |                                              |               12 |             27 |         2.25 |
|  fclk          | u_CORTEXM0INTEGRATION/u_logic/Ltmiu6         |                                              |               13 |             27 |         2.08 |
|  fclk          | u_CORTEXM0INTEGRATION/u_logic/S5nax6_i_1_n_0 |                                              |               16 |             27 |         1.69 |
|  fclk          | u_CORTEXM0INTEGRATION/u_logic/Stmiu6         |                                              |               14 |             27 |         1.93 |
|  fclk          | u_CORTEXM0INTEGRATION/u_logic/Kloax6_i_1_n_0 |                                              |               10 |             27 |         2.70 |
|  fclk          | u_CORTEXM0INTEGRATION/u_logic/Jsmiu6         |                                              |               13 |             27 |         2.08 |
|  fclk          | u_CORTEXM0INTEGRATION/u_logic/Cmlax6_i_1_n_0 |                                              |               16 |             27 |         1.69 |
|  fclk          | u_CORTEXM0INTEGRATION/u_logic/Csmiu6         |                                              |               13 |             27 |         2.08 |
|  fclk          | u_CORTEXM0INTEGRATION/u_logic/A5qax6_i_1_n_0 |                                              |               17 |             27 |         1.59 |
|  fclk          | u_CORTEXM0INTEGRATION/u_logic/Ztmiu6         |                                              |               13 |             27 |         2.08 |
|  fclk          | u_CORTEXM0INTEGRATION/u_logic/Xsmiu6         |                                              |                9 |             27 |         3.00 |
|  fclk          | uAHBMUX/APHASE_MUX_SEL_reg[3]_6              | hresetn                                      |               16 |             28 |         1.75 |
|  fclk          | u_CORTEXM0INTEGRATION/u_logic/Hlcax6_i_1_n_0 |                                              |                9 |             29 |         3.22 |
|  fclk          | u_CORTEXM0INTEGRATION/u_logic/Opbax6_i_1_n_0 |                                              |                7 |             29 |         4.14 |
|  fclk          | u_CORTEXM0INTEGRATION/u_logic/Tceax6_i_1_n_0 |                                              |                7 |             29 |         4.14 |
|  fclk          | u_CORTEXM0INTEGRATION/u_logic/Ahdax6_i_1_n_0 |                                              |                9 |             29 |         3.22 |
|  fclk          | u_CORTEXM0INTEGRATION/u_logic/Fvcbx6_i_1_n_0 |                                              |               16 |             32 |         2.00 |
|  fclk          | u_CORTEXM0INTEGRATION/u_logic/Wahbx6_i_1_n_0 |                                              |               11 |             32 |         2.91 |
|  TCK_IBUF_BUFG |                                              |                                              |               13 |             35 |         2.69 |
|  TCK_IBUF_BUFG | u_CORTEXM0INTEGRATION/u_logic/Em1iu6         |                                              |                7 |             37 |         5.29 |
|  fclk          |                                              | u_CORTEXM0INTEGRATION/Jxgax6_i_1_n_0         |               24 |             45 |         1.88 |
|  fclk          |                                              |                                              |               82 |            143 |         1.74 |
|  fclk          |                                              | hresetn                                      |              120 |            176 |         1.47 |
+----------------+----------------------------------------------+----------------------------------------------+------------------+----------------+--------------+


